#
# There is insufficient memory for the Java Runtime Environment to continue.
# Native memory allocation (malloc) failed to allocate 762096 bytes. Error detail: Chunk::new
# Possible reasons:
#   The system is out of physical RAM or swap space
#   This process is running with CompressedOops enabled, and the Java Heap may be blocking the growth of the native heap
# Possible solutions:
#   Reduce memory load on the system
#   Increase physical memory or swap space
#   Check if swap backing store is full
#   Decrease Java heap size (-Xmx/-Xms)
#   Decrease number of Java threads
#   Decrease Java thread stack sizes (-Xss)
#   Set larger code cache with -XX:ReservedCodeCacheSize=
#   JVM is running with Unscaled Compressed Oops mode in which the Java heap is
#     placed in the first 4GB address space. The Java Heap base address is the
#     maximum limit for the native heap growth. Please use -XX:HeapBaseMinAddress
#     to set the Java Heap base and to place the Java Heap above 4GB virtual address.
# This output file may be truncated or incomplete.
#
#  Out of Memory Error (arena.cpp:149), pid=17252, tid=9872
#
# JRE version: Java(TM) SE Runtime Environment (23.0+37) (build 23+37-2369)
# Java VM: Java HotSpot(TM) 64-Bit Server VM (23+37-2369, mixed mode, sharing, tiered, compressed oops, compressed class ptrs, g1 gc, windows-amd64)
# No core dump will be written. Minidumps are not enabled by default on client versions of Windows
#

---------------  S U M M A R Y ------------

Command Line: --add-opens=java.base/java.lang=ALL-UNNAMED --enable-native-access=ALL-UNNAMED -Dclassworlds.conf=C:/Users/ADMIN/.m2/wrapper/dists/apache-maven-3.9.11/a2d47e15/bin/m2.conf -Dmaven.home=C:/Users/ADMIN/.m2/wrapper/dists/apache-maven-3.9.11/a2d47e15 -Dlibrary.jansi.path=C:/Users/ADMIN/.m2/wrapper/dists/apache-maven-3.9.11/a2d47e15/lib/jansi-native -Dmaven.multiModuleProjectDirectory=C:/DATN/doan org.codehaus.plexus.classworlds.launcher.Launcher spring-boot:run -Pdev-no-frontend-build

Host: Intel(R) Core(TM) i5-6300U CPU @ 2.40GHz, 4 cores, 7G,  Windows 10 , 64 bit Build 19041 (10.0.19041.5438)
Time: Wed Apr 29 14:08:24 2026 SE Asia Standard Time elapsed time: 10.118824 seconds (0d 0h 0m 10s)

---------------  T H R E A D  ---------------

Current thread (0x0000017e9c87c7c0):  JavaThread "C2 CompilerThread0" daemon [_thread_in_native, id=9872, stack(0x0000004468500000,0x0000004468600000) (1024K)]


Current CompileTask:
C2:10118 1281   !   4       sun.nio.cs.StreamDecoder::read (78 bytes)

Stack: [0x0000004468500000,0x0000004468600000]
Native frames: (J=compiled Java code, j=interpreted, Vv=VM code, C=native code)
V  [jvm.dll+0x6e08a9]  (no source info available)
V  [jvm.dll+0x87da63]  (no source info available)
V  [jvm.dll+0x87feee]  (no source info available)
V  [jvm.dll+0x8805c3]  (no source info available)
V  [jvm.dll+0x27aee6]  (no source info available)
V  [jvm.dll+0xbc06f]  (no source info available)
V  [jvm.dll+0xbc2cb]  (no source info available)
V  [jvm.dll+0x3b3a9c]  (no source info available)
V  [jvm.dll+0x38a42b]  (no source info available)
V  [jvm.dll+0x38989a]  (no source info available)
V  [jvm.dll+0x244aa1]  (no source info available)
V  [jvm.dll+0x243dff]  (no source info available)
V  [jvm.dll+0x1c33a0]  (no source info available)
V  [jvm.dll+0x253cf1]  (no source info available)
V  [jvm.dll+0x251faa]  (no source info available)
V  [jvm.dll+0x3ee036]  (no source info available)
V  [jvm.dll+0x824f1b]  (no source info available)
V  [jvm.dll+0x6df055]  (no source info available)
C  [ucrtbase.dll+0x21bb2]  (no source info available)
C  [KERNEL32.DLL+0x17374]  (no source info available)
C  [ntdll.dll+0x4cc91]  (no source info available)

Lock stack of current Java thread (top to bottom):


---------------  P R O C E S S  ---------------

Threads class SMR info:
_java_thread_list=0x0000017ee206d560, length=12, elements={
0x0000017efe2561b0, 0x0000017e9c872e00, 0x0000017e9c875d30, 0x0000017e9c877b00,
0x0000017e9c87a570, 0x0000017e9c87afd0, 0x0000017e9c87ba30, 0x0000017e9c87c7c0,
0x0000017e9c87fa20, 0x0000017e9c9e4d80, 0x0000017e9c9f95a0, 0x0000017e9cc12390
}

Java Threads: ( => current thread )
  0x0000017efe2561b0 JavaThread "main"                              [_thread_in_Java, id=8280, stack(0x0000004467700000,0x0000004467800000) (1024K)]
  0x0000017e9c872e00 JavaThread "Reference Handler"          daemon [_thread_blocked, id=11416, stack(0x0000004467f00000,0x0000004468000000) (1024K)]
  0x0000017e9c875d30 JavaThread "Finalizer"                  daemon [_thread_blocked, id=10104, stack(0x0000004468000000,0x0000004468100000) (1024K)]
  0x0000017e9c877b00 JavaThread "Signal Dispatcher"          daemon [_thread_blocked, id=3352, stack(0x0000004468100000,0x0000004468200000) (1024K)]
  0x0000017e9c87a570 JavaThread "Attach Listener"            daemon [_thread_blocked, id=12836, stack(0x0000004468200000,0x0000004468300000) (1024K)]
  0x0000017e9c87afd0 JavaThread "Service Thread"             daemon [_thread_blocked, id=8128, stack(0x0000004468300000,0x0000004468400000) (1024K)]
  0x0000017e9c87ba30 JavaThread "Monitor Deflation Thread"   daemon [_thread_blocked, id=16212, stack(0x0000004468400000,0x0000004468500000) (1024K)]
=>0x0000017e9c87c7c0 JavaThread "C2 CompilerThread0"         daemon [_thread_in_native, id=9872, stack(0x0000004468500000,0x0000004468600000) (1024K)]
  0x0000017e9c87fa20 JavaThread "C1 CompilerThread0"         daemon [_thread_blocked, id=5972, stack(0x0000004468600000,0x0000004468700000) (1024K)]
  0x0000017e9c9e4d80 JavaThread "Common-Cleaner"             daemon [_thread_blocked, id=5752, stack(0x0000004468700000,0x0000004468800000) (1024K)]
  0x0000017e9c9f95a0 JavaThread "Notification Thread"        daemon [_thread_blocked, id=15348, stack(0x0000004468800000,0x0000004468900000) (1024K)]
  0x0000017e9cc12390 JavaThread "cleanup"                    daemon [_thread_blocked, id=12380, stack(0x0000004468900000,0x0000004468a00000) (1024K)]
Total: 12

Other Threads:
  0x0000017e9c859280 VMThread "VM Thread"                           [id=6084, stack(0x0000004467e00000,0x0000004467f00000) (1024K)]
  0x0000017e9c84a120 WatcherThread "VM Periodic Task Thread"        [id=11816, stack(0x0000004467d00000,0x0000004467e00000) (1024K)]
  0x0000017effd4dce0 WorkerThread "GC Thread#0"                     [id=5500, stack(0x0000004467800000,0x0000004467900000) (1024K)]
  0x0000017e9c97f830 WorkerThread "GC Thread#1"                     [id=8040, stack(0x0000004468a00000,0x0000004468b00000) (1024K)]
  0x0000017e9c97fbe0 WorkerThread "GC Thread#2"                     [id=2268, stack(0x0000004468b00000,0x0000004468c00000) (1024K)]
  0x0000017effd05d50 WorkerThread "GC Thread#3"                     [id=13256, stack(0x0000004468c00000,0x0000004468d00000) (1024K)]
  0x0000017effd63840 ConcurrentGCThread "G1 Main Marker"            [id=9320, stack(0x0000004467900000,0x0000004467a00000) (1024K)]
  0x0000017effd64260 WorkerThread "G1 Conc#0"                       [id=14404, stack(0x0000004467a00000,0x0000004467b00000) (1024K)]
  0x0000017effdbeb10 ConcurrentGCThread "G1 Refine#0"               [id=16828, stack(0x0000004467b00000,0x0000004467c00000) (1024K)]
  0x0000017e9c70e930 ConcurrentGCThread "G1 Service"                [id=2448, stack(0x0000004467c00000,0x0000004467d00000) (1024K)]
Total: 10

Threads with active compile tasks:
C2 CompilerThread0  10259 1281   !   4       sun.nio.cs.StreamDecoder::read (78 bytes)
Total: 1

VM state: not at safepoint (normal execution)

VM Mutex/Monitor currently owned by a thread: None

Heap address: 0x0000000081a00000, size: 2022 MB, Compressed Oops mode: 32-bit

CDS archive(s) mapped at: [0x0000017e9d000000-0x0000017e9dd70000-0x0000017e9dd70000), size 14090240, SharedBaseAddress: 0x0000017e9d000000, ArchiveRelocationMode: 1.
Compressed class space mapped at: 0x0000017e9e000000-0x0000017ede000000, reserved size: 1073741824
Narrow klass base: 0x0000017e9d000000, Narrow klass shift: 0, Narrow klass range: 0x41000000

GC Precious Log:
 CardTable entry size: 512
 Card Set container configuration: InlinePtr #cards 5 size 8 Array Of Cards #cards 10 size 36 Howl #buckets 4 coarsen threshold 1843 Howl Bitmap #cards 512 size 80 coarsen threshold 460 Card regions per heap region 1 cards per card region 2048
 CPUs: 4 total, 4 available
 Memory: 8083M
 Large Page Support: Disabled
 NUMA Support: Disabled
 Compressed Oops: Enabled (32-bit)
 Heap Region Size: 1M
 Heap Min Capacity: 8M
 Heap Initial Capacity: 128M
 Heap Max Capacity: 2022M
 Pre-touch: Disabled
 Parallel Workers: 4
 Concurrent Workers: 1
 Concurrent Refinement Workers: 4
 Periodic GC: Disabled

Heap:
 garbage-first heap   total reserved 2070528K, committed 131072K, used 12458K [0x0000000081a00000, 0x0000000100000000)
  region size 1024K, 12 young (12288K), 2 survivors (2048K)
 Metaspace       used 5893K, committed 6016K, reserved 1114112K
  class space    used 720K, committed 768K, reserved 1048576K

Heap Regions: E=young(eden), S=young(survivor), O=old, HS=humongous(starts), HC=humongous(continues), CS=collection set, F=free, TAMS=top-at-mark-start, PB=parsable bottom
|   0|0x0000000081a00000, 0x0000000081b00000, 0x0000000081b00000|100%| O|  |TAMS 0x0000000081a00000| PB 0x0000000081a00000| Untracked |  0
|   1|0x0000000081b00000, 0x0000000081b2aa80, 0x0000000081c00000| 16%| O|  |TAMS 0x0000000081b00000| PB 0x0000000081b00000| Untracked |  0
|   2|0x0000000081c00000, 0x0000000081c00000, 0x0000000081d00000|  0%| F|  |TAMS 0x0000000081c00000| PB 0x0000000081c00000| Untracked |  0
|   3|0x0000000081d00000, 0x0000000081d00000, 0x0000000081e00000|  0%| F|  |TAMS 0x0000000081d00000| PB 0x0000000081d00000| Untracked |  0
|   4|0x0000000081e00000, 0x0000000081e00000, 0x0000000081f00000|  0%| F|  |TAMS 0x0000000081e00000| PB 0x0000000081e00000| Untracked |  0
|   5|0x0000000081f00000, 0x0000000081f00000, 0x0000000082000000|  0%| F|  |TAMS 0x0000000081f00000| PB 0x0000000081f00000| Untracked |  0
|   6|0x0000000082000000, 0x0000000082000000, 0x0000000082100000|  0%| F|  |TAMS 0x0000000082000000| PB 0x0000000082000000| Untracked |  0
|   7|0x0000000082100000, 0x0000000082100000, 0x0000000082200000|  0%| F|  |TAMS 0x0000000082100000| PB 0x0000000082100000| Untracked |  0
|   8|0x0000000082200000, 0x0000000082200000, 0x0000000082300000|  0%| F|  |TAMS 0x0000000082200000| PB 0x0000000082200000| Untracked |  0
|   9|0x0000000082300000, 0x0000000082300000, 0x0000000082400000|  0%| F|  |TAMS 0x0000000082300000| PB 0x0000000082300000| Untracked |  0
|  10|0x0000000082400000, 0x0000000082400000, 0x0000000082500000|  0%| F|  |TAMS 0x0000000082400000| PB 0x0000000082400000| Untracked |  0
|  11|0x0000000082500000, 0x0000000082500000, 0x0000000082600000|  0%| F|  |TAMS 0x0000000082500000| PB 0x0000000082500000| Untracked |  0
|  12|0x0000000082600000, 0x0000000082600000, 0x0000000082700000|  0%| F|  |TAMS 0x0000000082600000| PB 0x0000000082600000| Untracked |  0
|  13|0x0000000082700000, 0x0000000082700000, 0x0000000082800000|  0%| F|  |TAMS 0x0000000082700000| PB 0x0000000082700000| Untracked |  0
|  14|0x0000000082800000, 0x0000000082800000, 0x0000000082900000|  0%| F|  |TAMS 0x0000000082800000| PB 0x0000000082800000| Untracked |  0
|  15|0x0000000082900000, 0x0000000082900000, 0x0000000082a00000|  0%| F|  |TAMS 0x0000000082900000| PB 0x0000000082900000| Untracked |  0
|  16|0x0000000082a00000, 0x0000000082a00000, 0x0000000082b00000|  0%| F|  |TAMS 0x0000000082a00000| PB 0x0000000082a00000| Untracked |  0
|  17|0x0000000082b00000, 0x0000000082b00000, 0x0000000082c00000|  0%| F|  |TAMS 0x0000000082b00000| PB 0x0000000082b00000| Untracked |  0
|  18|0x0000000082c00000, 0x0000000082c00000, 0x0000000082d00000|  0%| F|  |TAMS 0x0000000082c00000| PB 0x0000000082c00000| Untracked |  0
|  19|0x0000000082d00000, 0x0000000082d00000, 0x0000000082e00000|  0%| F|  |TAMS 0x0000000082d00000| PB 0x0000000082d00000| Untracked |  0
|  20|0x0000000082e00000, 0x0000000082e00000, 0x0000000082f00000|  0%| F|  |TAMS 0x0000000082e00000| PB 0x0000000082e00000| Untracked |  0
|  21|0x0000000082f00000, 0x0000000082f00000, 0x0000000083000000|  0%| F|  |TAMS 0x0000000082f00000| PB 0x0000000082f00000| Untracked |  0
|  22|0x0000000083000000, 0x0000000083000000, 0x0000000083100000|  0%| F|  |TAMS 0x0000000083000000| PB 0x0000000083000000| Untracked |  0
|  23|0x0000000083100000, 0x0000000083100000, 0x0000000083200000|  0%| F|  |TAMS 0x0000000083100000| PB 0x0000000083100000| Untracked |  0
|  24|0x0000000083200000, 0x0000000083200000, 0x0000000083300000|  0%| F|  |TAMS 0x0000000083200000| PB 0x0000000083200000| Untracked |  0
|  25|0x0000000083300000, 0x0000000083300000, 0x0000000083400000|  0%| F|  |TAMS 0x0000000083300000| PB 0x0000000083300000| Untracked |  0
|  26|0x0000000083400000, 0x0000000083400000, 0x0000000083500000|  0%| F|  |TAMS 0x0000000083400000| PB 0x0000000083400000| Untracked |  0
|  27|0x0000000083500000, 0x0000000083500000, 0x0000000083600000|  0%| F|  |TAMS 0x0000000083500000| PB 0x0000000083500000| Untracked |  0
|  28|0x0000000083600000, 0x0000000083600000, 0x0000000083700000|  0%| F|  |TAMS 0x0000000083600000| PB 0x0000000083600000| Untracked |  0
|  29|0x0000000083700000, 0x0000000083700000, 0x0000000083800000|  0%| F|  |TAMS 0x0000000083700000| PB 0x0000000083700000| Untracked |  0
|  30|0x0000000083800000, 0x0000000083800000, 0x0000000083900000|  0%| F|  |TAMS 0x0000000083800000| PB 0x0000000083800000| Untracked |  0
|  31|0x0000000083900000, 0x0000000083900000, 0x0000000083a00000|  0%| F|  |TAMS 0x0000000083900000| PB 0x0000000083900000| Untracked |  0
|  32|0x0000000083a00000, 0x0000000083a00000, 0x0000000083b00000|  0%| F|  |TAMS 0x0000000083a00000| PB 0x0000000083a00000| Untracked |  0
|  33|0x0000000083b00000, 0x0000000083b00000, 0x0000000083c00000|  0%| F|  |TAMS 0x0000000083b00000| PB 0x0000000083b00000| Untracked |  0
|  34|0x0000000083c00000, 0x0000000083c00000, 0x0000000083d00000|  0%| F|  |TAMS 0x0000000083c00000| PB 0x0000000083c00000| Untracked |  0
|  35|0x0000000083d00000, 0x0000000083d00000, 0x0000000083e00000|  0%| F|  |TAMS 0x0000000083d00000| PB 0x0000000083d00000| Untracked |  0
|  36|0x0000000083e00000, 0x0000000083e00000, 0x0000000083f00000|  0%| F|  |TAMS 0x0000000083e00000| PB 0x0000000083e00000| Untracked |  0
|  37|0x0000000083f00000, 0x0000000083f00000, 0x0000000084000000|  0%| F|  |TAMS 0x0000000083f00000| PB 0x0000000083f00000| Untracked |  0
|  38|0x0000000084000000, 0x0000000084000000, 0x0000000084100000|  0%| F|  |TAMS 0x0000000084000000| PB 0x0000000084000000| Untracked |  0
|  39|0x0000000084100000, 0x0000000084100000, 0x0000000084200000|  0%| F|  |TAMS 0x0000000084100000| PB 0x0000000084100000| Untracked |  0
|  40|0x0000000084200000, 0x0000000084200000, 0x0000000084300000|  0%| F|  |TAMS 0x0000000084200000| PB 0x0000000084200000| Untracked |  0
|  41|0x0000000084300000, 0x0000000084300000, 0x0000000084400000|  0%| F|  |TAMS 0x0000000084300000| PB 0x0000000084300000| Untracked |  0
|  42|0x0000000084400000, 0x0000000084400000, 0x0000000084500000|  0%| F|  |TAMS 0x0000000084400000| PB 0x0000000084400000| Untracked |  0
|  43|0x0000000084500000, 0x0000000084500000, 0x0000000084600000|  0%| F|  |TAMS 0x0000000084500000| PB 0x0000000084500000| Untracked |  0
|  44|0x0000000084600000, 0x0000000084600000, 0x0000000084700000|  0%| F|  |TAMS 0x0000000084600000| PB 0x0000000084600000| Untracked |  0
|  45|0x0000000084700000, 0x0000000084700000, 0x0000000084800000|  0%| F|  |TAMS 0x0000000084700000| PB 0x0000000084700000| Untracked |  0
|  46|0x0000000084800000, 0x0000000084800000, 0x0000000084900000|  0%| F|  |TAMS 0x0000000084800000| PB 0x0000000084800000| Untracked |  0
|  47|0x0000000084900000, 0x0000000084900000, 0x0000000084a00000|  0%| F|  |TAMS 0x0000000084900000| PB 0x0000000084900000| Untracked |  0
|  48|0x0000000084a00000, 0x0000000084a00000, 0x0000000084b00000|  0%| F|  |TAMS 0x0000000084a00000| PB 0x0000000084a00000| Untracked |  0
|  49|0x0000000084b00000, 0x0000000084b00000, 0x0000000084c00000|  0%| F|  |TAMS 0x0000000084b00000| PB 0x0000000084b00000| Untracked |  0
|  50|0x0000000084c00000, 0x0000000084c00000, 0x0000000084d00000|  0%| F|  |TAMS 0x0000000084c00000| PB 0x0000000084c00000| Untracked |  0
|  51|0x0000000084d00000, 0x0000000084d00000, 0x0000000084e00000|  0%| F|  |TAMS 0x0000000084d00000| PB 0x0000000084d00000| Untracked |  0
|  52|0x0000000084e00000, 0x0000000084e00000, 0x0000000084f00000|  0%| F|  |TAMS 0x0000000084e00000| PB 0x0000000084e00000| Untracked |  0
|  53|0x0000000084f00000, 0x0000000084f00000, 0x0000000085000000|  0%| F|  |TAMS 0x0000000084f00000| PB 0x0000000084f00000| Untracked |  0
|  54|0x0000000085000000, 0x0000000085000000, 0x0000000085100000|  0%| F|  |TAMS 0x0000000085000000| PB 0x0000000085000000| Untracked |  0
|  55|0x0000000085100000, 0x0000000085100000, 0x0000000085200000|  0%| F|  |TAMS 0x0000000085100000| PB 0x0000000085100000| Untracked |  0
|  56|0x0000000085200000, 0x0000000085200000, 0x0000000085300000|  0%| F|  |TAMS 0x0000000085200000| PB 0x0000000085200000| Untracked |  0
|  57|0x0000000085300000, 0x0000000085300000, 0x0000000085400000|  0%| F|  |TAMS 0x0000000085300000| PB 0x0000000085300000| Untracked |  0
|  58|0x0000000085400000, 0x0000000085400000, 0x0000000085500000|  0%| F|  |TAMS 0x0000000085400000| PB 0x0000000085400000| Untracked |  0
|  59|0x0000000085500000, 0x0000000085500000, 0x0000000085600000|  0%| F|  |TAMS 0x0000000085500000| PB 0x0000000085500000| Untracked |  0
|  60|0x0000000085600000, 0x0000000085600000, 0x0000000085700000|  0%| F|  |TAMS 0x0000000085600000| PB 0x0000000085600000| Untracked |  0
|  61|0x0000000085700000, 0x0000000085700000, 0x0000000085800000|  0%| F|  |TAMS 0x0000000085700000| PB 0x0000000085700000| Untracked |  0
|  62|0x0000000085800000, 0x0000000085800000, 0x0000000085900000|  0%| F|  |TAMS 0x0000000085800000| PB 0x0000000085800000| Untracked |  0
|  63|0x0000000085900000, 0x0000000085900000, 0x0000000085a00000|  0%| F|  |TAMS 0x0000000085900000| PB 0x0000000085900000| Untracked |  0
|  64|0x0000000085a00000, 0x0000000085a00000, 0x0000000085b00000|  0%| F|  |TAMS 0x0000000085a00000| PB 0x0000000085a00000| Untracked |  0
|  65|0x0000000085b00000, 0x0000000085b00000, 0x0000000085c00000|  0%| F|  |TAMS 0x0000000085b00000| PB 0x0000000085b00000| Untracked |  0
|  66|0x0000000085c00000, 0x0000000085c00000, 0x0000000085d00000|  0%| F|  |TAMS 0x0000000085c00000| PB 0x0000000085c00000| Untracked |  0
|  67|0x0000000085d00000, 0x0000000085d00000, 0x0000000085e00000|  0%| F|  |TAMS 0x0000000085d00000| PB 0x0000000085d00000| Untracked |  0
|  68|0x0000000085e00000, 0x0000000085e00000, 0x0000000085f00000|  0%| F|  |TAMS 0x0000000085e00000| PB 0x0000000085e00000| Untracked |  0
|  69|0x0000000085f00000, 0x0000000085f00000, 0x0000000086000000|  0%| F|  |TAMS 0x0000000085f00000| PB 0x0000000085f00000| Untracked |  0
|  70|0x0000000086000000, 0x0000000086000000, 0x0000000086100000|  0%| F|  |TAMS 0x0000000086000000| PB 0x0000000086000000| Untracked |  0
|  71|0x0000000086100000, 0x0000000086100000, 0x0000000086200000|  0%| F|  |TAMS 0x0000000086100000| PB 0x0000000086100000| Untracked |  0
|  72|0x0000000086200000, 0x0000000086200000, 0x0000000086300000|  0%| F|  |TAMS 0x0000000086200000| PB 0x0000000086200000| Untracked |  0
|  73|0x0000000086300000, 0x0000000086300000, 0x0000000086400000|  0%| F|  |TAMS 0x0000000086300000| PB 0x0000000086300000| Untracked |  0
|  74|0x0000000086400000, 0x0000000086400000, 0x0000000086500000|  0%| F|  |TAMS 0x0000000086400000| PB 0x0000000086400000| Untracked |  0
|  75|0x0000000086500000, 0x0000000086500000, 0x0000000086600000|  0%| F|  |TAMS 0x0000000086500000| PB 0x0000000086500000| Untracked |  0
|  76|0x0000000086600000, 0x0000000086600000, 0x0000000086700000|  0%| F|  |TAMS 0x0000000086600000| PB 0x0000000086600000| Untracked |  0
|  77|0x0000000086700000, 0x0000000086700000, 0x0000000086800000|  0%| F|  |TAMS 0x0000000086700000| PB 0x0000000086700000| Untracked |  0
|  78|0x0000000086800000, 0x0000000086800000, 0x0000000086900000|  0%| F|  |TAMS 0x0000000086800000| PB 0x0000000086800000| Untracked |  0
|  79|0x0000000086900000, 0x0000000086900000, 0x0000000086a00000|  0%| F|  |TAMS 0x0000000086900000| PB 0x0000000086900000| Untracked |  0
|  80|0x0000000086a00000, 0x0000000086a00000, 0x0000000086b00000|  0%| F|  |TAMS 0x0000000086a00000| PB 0x0000000086a00000| Untracked |  0
|  81|0x0000000086b00000, 0x0000000086b00000, 0x0000000086c00000|  0%| F|  |TAMS 0x0000000086b00000| PB 0x0000000086b00000| Untracked |  0
|  82|0x0000000086c00000, 0x0000000086c00000, 0x0000000086d00000|  0%| F|  |TAMS 0x0000000086c00000| PB 0x0000000086c00000| Untracked |  0
|  83|0x0000000086d00000, 0x0000000086d00000, 0x0000000086e00000|  0%| F|  |TAMS 0x0000000086d00000| PB 0x0000000086d00000| Untracked |  0
|  84|0x0000000086e00000, 0x0000000086e00000, 0x0000000086f00000|  0%| F|  |TAMS 0x0000000086e00000| PB 0x0000000086e00000| Untracked |  0
|  85|0x0000000086f00000, 0x0000000086f00000, 0x0000000087000000|  0%| F|  |TAMS 0x0000000086f00000| PB 0x0000000086f00000| Untracked |  0
|  86|0x0000000087000000, 0x0000000087000000, 0x0000000087100000|  0%| F|  |TAMS 0x0000000087000000| PB 0x0000000087000000| Untracked |  0
|  87|0x0000000087100000, 0x0000000087100000, 0x0000000087200000|  0%| F|  |TAMS 0x0000000087100000| PB 0x0000000087100000| Untracked |  0
|  88|0x0000000087200000, 0x0000000087200000, 0x0000000087300000|  0%| F|  |TAMS 0x0000000087200000| PB 0x0000000087200000| Untracked |  0
|  89|0x0000000087300000, 0x0000000087300000, 0x0000000087400000|  0%| F|  |TAMS 0x0000000087300000| PB 0x0000000087300000| Untracked |  0
|  90|0x0000000087400000, 0x0000000087400000, 0x0000000087500000|  0%| F|  |TAMS 0x0000000087400000| PB 0x0000000087400000| Untracked |  0
|  91|0x0000000087500000, 0x0000000087500000, 0x0000000087600000|  0%| F|  |TAMS 0x0000000087500000| PB 0x0000000087500000| Untracked |  0
|  92|0x0000000087600000, 0x0000000087600000, 0x0000000087700000|  0%| F|  |TAMS 0x0000000087600000| PB 0x0000000087600000| Untracked |  0
|  93|0x0000000087700000, 0x0000000087700000, 0x0000000087800000|  0%| F|  |TAMS 0x0000000087700000| PB 0x0000000087700000| Untracked |  0
|  94|0x0000000087800000, 0x0000000087800000, 0x0000000087900000|  0%| F|  |TAMS 0x0000000087800000| PB 0x0000000087800000| Untracked |  0
|  95|0x0000000087900000, 0x0000000087900000, 0x0000000087a00000|  0%| F|  |TAMS 0x0000000087900000| PB 0x0000000087900000| Untracked |  0
|  96|0x0000000087a00000, 0x0000000087a00000, 0x0000000087b00000|  0%| F|  |TAMS 0x0000000087a00000| PB 0x0000000087a00000| Untracked |  0
|  97|0x0000000087b00000, 0x0000000087b00000, 0x0000000087c00000|  0%| F|  |TAMS 0x0000000087b00000| PB 0x0000000087b00000| Untracked |  0
|  98|0x0000000087c00000, 0x0000000087c00000, 0x0000000087d00000|  0%| F|  |TAMS 0x0000000087c00000| PB 0x0000000087c00000| Untracked |  0
|  99|0x0000000087d00000, 0x0000000087d00000, 0x0000000087e00000|  0%| F|  |TAMS 0x0000000087d00000| PB 0x0000000087d00000| Untracked |  0
| 100|0x0000000087e00000, 0x0000000087e00000, 0x0000000087f00000|  0%| F|  |TAMS 0x0000000087e00000| PB 0x0000000087e00000| Untracked |  0
| 101|0x0000000087f00000, 0x0000000087f00000, 0x0000000088000000|  0%| F|  |TAMS 0x0000000087f00000| PB 0x0000000087f00000| Untracked |  0
| 102|0x0000000088000000, 0x0000000088000000, 0x0000000088100000|  0%| F|  |TAMS 0x0000000088000000| PB 0x0000000088000000| Untracked |  0
| 103|0x0000000088100000, 0x0000000088100000, 0x0000000088200000|  0%| F|  |TAMS 0x0000000088100000| PB 0x0000000088100000| Untracked |  0
| 104|0x0000000088200000, 0x0000000088200000, 0x0000000088300000|  0%| F|  |TAMS 0x0000000088200000| PB 0x0000000088200000| Untracked |  0
| 105|0x0000000088300000, 0x0000000088300000, 0x0000000088400000|  0%| F|  |TAMS 0x0000000088300000| PB 0x0000000088300000| Untracked |  0
| 106|0x0000000088400000, 0x0000000088400000, 0x0000000088500000|  0%| F|  |TAMS 0x0000000088400000| PB 0x0000000088400000| Untracked |  0
| 107|0x0000000088500000, 0x0000000088500000, 0x0000000088600000|  0%| F|  |TAMS 0x0000000088500000| PB 0x0000000088500000| Untracked |  0
| 108|0x0000000088600000, 0x0000000088600000, 0x0000000088700000|  0%| F|  |TAMS 0x0000000088600000| PB 0x0000000088600000| Untracked |  0
| 109|0x0000000088700000, 0x0000000088700000, 0x0000000088800000|  0%| F|  |TAMS 0x0000000088700000| PB 0x0000000088700000| Untracked |  0
| 110|0x0000000088800000, 0x0000000088800000, 0x0000000088900000|  0%| F|  |TAMS 0x0000000088800000| PB 0x0000000088800000| Untracked |  0
| 111|0x0000000088900000, 0x0000000088900000, 0x0000000088a00000|  0%| F|  |TAMS 0x0000000088900000| PB 0x0000000088900000| Untracked |  0
| 112|0x0000000088a00000, 0x0000000088b00000, 0x0000000088b00000|100%| S|CS|TAMS 0x0000000088a00000| PB 0x0000000088a00000| Complete |  0
| 113|0x0000000088b00000, 0x0000000088c00000, 0x0000000088c00000|100%| S|CS|TAMS 0x0000000088b00000| PB 0x0000000088b00000| Complete |  0
| 114|0x0000000088c00000, 0x0000000088c00000, 0x0000000088d00000|  0%| F|  |TAMS 0x0000000088c00000| PB 0x0000000088c00000| Untracked |  0
| 115|0x0000000088d00000, 0x0000000088d00000, 0x0000000088e00000|  0%| F|  |TAMS 0x0000000088d00000| PB 0x0000000088d00000| Untracked |  0
| 116|0x0000000088e00000, 0x0000000088e00000, 0x0000000088f00000|  0%| F|  |TAMS 0x0000000088e00000| PB 0x0000000088e00000| Untracked |  0
| 117|0x0000000088f00000, 0x0000000088f00000, 0x0000000089000000|  0%| F|  |TAMS 0x0000000088f00000| PB 0x0000000088f00000| Untracked |  0
| 118|0x0000000089000000, 0x00000000890eda20, 0x0000000089100000| 92%| E|  |TAMS 0x0000000089000000| PB 0x0000000089000000| Complete |  0
| 119|0x0000000089100000, 0x0000000089200000, 0x0000000089200000|100%| E|CS|TAMS 0x0000000089100000| PB 0x0000000089100000| Complete |  0
| 120|0x0000000089200000, 0x0000000089300000, 0x0000000089300000|100%| E|CS|TAMS 0x0000000089200000| PB 0x0000000089200000| Complete |  0
| 121|0x0000000089300000, 0x0000000089400000, 0x0000000089400000|100%| E|CS|TAMS 0x0000000089300000| PB 0x0000000089300000| Complete |  0
| 122|0x0000000089400000, 0x0000000089500000, 0x0000000089500000|100%| E|CS|TAMS 0x0000000089400000| PB 0x0000000089400000| Complete |  0
| 123|0x0000000089500000, 0x0000000089600000, 0x0000000089600000|100%| E|CS|TAMS 0x0000000089500000| PB 0x0000000089500000| Complete |  0
| 124|0x0000000089600000, 0x0000000089700000, 0x0000000089700000|100%| E|CS|TAMS 0x0000000089600000| PB 0x0000000089600000| Complete |  0
| 125|0x0000000089700000, 0x0000000089800000, 0x0000000089800000|100%| E|CS|TAMS 0x0000000089700000| PB 0x0000000089700000| Complete |  0
| 126|0x0000000089800000, 0x0000000089900000, 0x0000000089900000|100%| E|CS|TAMS 0x0000000089800000| PB 0x0000000089800000| Complete |  0
| 127|0x0000000089900000, 0x0000000089a00000, 0x0000000089a00000|100%| E|CS|TAMS 0x0000000089900000| PB 0x0000000089900000| Complete |  0

Card table byte_map: [0x0000017e97eb0000,0x0000017e982b0000] _byte_map_base: 0x0000017e97aa3000

Marking Bits: (CMBitMap*) 0x0000017effd4f310
 Bits: [0x0000017e982b0000, 0x0000017e9a248000)

Polling page: 0x0000017efe590000

Metaspace:

Usage:
  Non-class:      5.05 MB used.
      Class:    720.65 KB used.
       Both:      5.76 MB used.

Virtual space:
  Non-class space:       64.00 MB reserved,       5.12 MB (  8%) committed,  1 nodes.
      Class space:        1.00 GB reserved,     768.00 KB ( <1%) committed,  1 nodes.
             Both:        1.06 GB reserved,       5.88 MB ( <1%) committed. 

Chunk freelists:
   Non-Class:  9.22 MB
       Class:  15.27 MB
        Both:  24.48 MB

MaxMetaspaceSize: unlimited
CompressedClassSpaceSize: 1.00 GB
Initial GC threshold: 21.00 MB
Current GC threshold: 21.00 MB
CDS: on
 - commit_granule_bytes: 65536.
 - commit_granule_words: 8192.
 - virtual_space_node_default_size: 8388608.
 - enlarge_chunks_in_place: 1.
 - use_allocation_guard: 0.


Internal statistics:

num_allocs_failed_limit: 0.
num_arena_births: 56.
num_arena_deaths: 0.
num_vsnodes_births: 2.
num_vsnodes_deaths: 0.
num_space_committed: 94.
num_space_uncommitted: 0.
num_chunks_returned_to_freelist: 0.
num_chunks_taken_from_freelist: 215.
num_chunk_merges: 0.
num_chunk_splits: 143.
num_chunks_enlarged: 114.
num_inconsistent_stats: 0.

CodeHeap 'non-profiled nmethods': size=120064Kb used=384Kb max_used=384Kb free=119679Kb
 bounds [0x0000017e90130000, 0x0000017e903a0000, 0x0000017e97670000]
CodeHeap 'profiled nmethods': size=120000Kb used=1836Kb max_used=1836Kb free=118163Kb
 bounds [0x0000017e88670000, 0x0000017e888e0000, 0x0000017e8fba0000]
CodeHeap 'non-nmethods': size=5696Kb used=1359Kb max_used=1394Kb free=4336Kb
 bounds [0x0000017e8fba0000, 0x0000017e8fe10000, 0x0000017e90130000]
CodeCache: size=245760Kb, used=3579Kb, max_used=3614Kb, free=242178Kb
 total_blobs=1749, nmethods=1278, adapters=377, full_count=0
Compilation: enabled, stopped_count=0, restarted_count=0

Compilation events (20 events):
Event: 10.005 Thread 0x0000017e9c87fa20 nmethod 1271 0x0000017e88833288 code [0x0000017e888334e0, 0x0000017e888340e8]
Event: 10.026 Thread 0x0000017e9c87c7c0 1272       4       java.lang.AbstractStringBuilder::isLatin1 (19 bytes)
Event: 10.027 Thread 0x0000017e9c87c7c0 nmethod 1272 0x0000017e9018f688 code [0x0000017e9018f780, 0x0000017e9018f800]
Event: 10.027 Thread 0x0000017e9c87fa20 1273       3       java.lang.StringBuilder::charAt (6 bytes)
Event: 10.027 Thread 0x0000017e9c87fa20 nmethod 1273 0x0000017e88834188 code [0x0000017e888342a0, 0x0000017e888343e0]
Event: 10.027 Thread 0x0000017e9c87fa20 1274       3       java.lang.AbstractStringBuilder::charAt (36 bytes)
Event: 10.028 Thread 0x0000017e9c87fa20 nmethod 1274 0x0000017e88834488 code [0x0000017e888345c0, 0x0000017e888348d8]
Event: 10.028 Thread 0x0000017e9c87fa20 1275       3       org.codehaus.plexus.util.InterpolationFilterReader::read (477 bytes)
Event: 10.030 Thread 0x0000017e9c87c7c0 1278       4       sun.nio.cs.StreamDecoder::ensureOpen (18 bytes)
Event: 10.031 Thread 0x0000017e9c87c7c0 nmethod 1278 0x0000017e9018f988 code [0x0000017e9018fa80, 0x0000017e9018fb18]
Event: 10.034 Thread 0x0000017e9c87fa20 nmethod 1275 0x0000017e88834988 code [0x0000017e88835060, 0x0000017e88839430]
Event: 10.035 Thread 0x0000017e9c87fa20 1276   !   3       sun.nio.cs.StreamDecoder::read (78 bytes)
Event: 10.035 Thread 0x0000017e9c87fa20 nmethod 1276 0x0000017e88839508 code [0x0000017e88839700, 0x0000017e8883a590]
Event: 10.036 Thread 0x0000017e9c87fa20 1277       3       sun.nio.cs.StreamDecoder::lockedRead (189 bytes)
Event: 10.037 Thread 0x0000017e9c87fa20 nmethod 1277 0x0000017e8883a608 code [0x0000017e8883a800, 0x0000017e8883b230]
Event: 10.038 Thread 0x0000017e9c87c7c0 1279       4       sun.nio.cs.UTF_8$Decoder::decodeLoop (28 bytes)
Event: 10.040 Thread 0x0000017e9c87c7c0 nmethod 1279 0x0000017e9018fc88 code [0x0000017e9018fda0, 0x0000017e9018ff20]
Event: 10.040 Thread 0x0000017e9c87c7c0 1281   !   4       sun.nio.cs.StreamDecoder::read (78 bytes)
Event: 10.058 Thread 0x0000017e9c87fa20 1285       1       org.codehaus.plexus.util.xml.pull.MXParser::getDepth (5 bytes)
Event: 10.059 Thread 0x0000017e9c87fa20 nmethod 1285 0x0000017e9018ff88 code [0x0000017e901900a0, 0x0000017e90190168]

GC Heap History (2 events):
Event: 8.058 GC heap before
{Heap before GC invocations=0 (full 0):
 garbage-first heap   total reserved 2070528K, committed 131072K, used 13312K [0x0000000081a00000, 0x0000000100000000)
  region size 1024K, 14 young (14336K), 0 survivors (0K)
 Metaspace       used 3962K, committed 4160K, reserved 1114112K
  class space    used 425K, committed 512K, reserved 1048576K
}
Event: 8.300 GC heap after
{Heap after GC invocations=1 (full 0):
 garbage-first heap   total reserved 2070528K, committed 131072K, used 3242K [0x0000000081a00000, 0x0000000100000000)
  region size 1024K, 2 young (2048K), 2 survivors (2048K)
 Metaspace       used 3962K, committed 4160K, reserved 1114112K
  class space    used 425K, committed 512K, reserved 1048576K
}

Dll operation events (8 events):
Event: 0.046 Loaded shared library C:\Program Files\Java\jdk-23\bin\java.dll
Event: 0.184 Loaded shared library C:\Program Files\Java\jdk-23\bin\jsvml.dll
Event: 0.340 Loaded shared library C:\Program Files\Java\jdk-23\bin\net.dll
Event: 0.346 Loaded shared library C:\Program Files\Java\jdk-23\bin\nio.dll
Event: 0.367 Loaded shared library C:\Program Files\Java\jdk-23\bin\zip.dll
Event: 0.989 Loaded shared library C:\Users\ADMIN\.m2\wrapper\dists\apache-maven-3.9.11\a2d47e15\lib\jansi-native\Windows\x86_64\jansi.dll
Event: 1.020 Loaded shared library C:\Program Files\Java\jdk-23\bin\verify.dll
Event: 1.156 Loaded shared library C:\Program Files\Java\jdk-23\bin\jimage.dll

Deoptimization events (20 events):
Event: 9.784 Thread 0x0000017efe2561b0 Uncommon trap: trap_request=0xffffffde fr.pc=0x0000017e90179f4c relative=0x00000000000007ac
Event: 9.784 Thread 0x0000017efe2561b0 Uncommon trap: reason=class_check action=maybe_recompile pc=0x0000017e90179f4c method=java.util.HashMap.putVal(ILjava/lang/Object;Ljava/lang/Object;ZZ)Ljava/lang/Object; @ 91 c2
Event: 9.784 Thread 0x0000017efe2561b0 DEOPT PACKING pc=0x0000017e90179f4c sp=0x00000044677fe350
Event: 9.787 Thread 0x0000017efe2561b0 DEOPT UNPACKING pc=0x0000017e8fbf4402 sp=0x00000044677fe2d0 mode 2
Event: 9.905 Thread 0x0000017efe2561b0 Uncommon trap: trap_request=0xffffff45 fr.pc=0x0000017e90187c9c relative=0x0000000000002afc
Event: 9.905 Thread 0x0000017efe2561b0 Uncommon trap: reason=unstable_if action=reinterpret pc=0x0000017e90187c9c method=sun.nio.cs.StreamDecoder.implRead([CII)I @ 186 c2
Event: 9.905 Thread 0x0000017efe2561b0 DEOPT PACKING pc=0x0000017e90187c9c sp=0x00000044677fde80
Event: 9.905 Thread 0x0000017efe2561b0 DEOPT UNPACKING pc=0x0000017e8fbf4402 sp=0x00000044677fdb18 mode 2
Event: 9.905 Thread 0x0000017efe2561b0 Uncommon trap: trap_request=0xffffff45 fr.pc=0x0000017e9018b7ac relative=0x000000000000024c
Event: 9.905 Thread 0x0000017efe2561b0 Uncommon trap: reason=unstable_if action=reinterpret pc=0x0000017e9018b7ac method=java.io.Reader.read()I @ 12 c2
Event: 9.905 Thread 0x0000017efe2561b0 DEOPT PACKING pc=0x0000017e9018b7ac sp=0x00000044677fdf50
Event: 9.905 Thread 0x0000017efe2561b0 DEOPT UNPACKING pc=0x0000017e8fbf4402 sp=0x00000044677fde60 mode 2
Event: 10.028 Thread 0x0000017efe2561b0 Uncommon trap: trap_request=0xffffffde fr.pc=0x0000017e9018c398 relative=0x00000000000001d8
Event: 10.028 Thread 0x0000017efe2561b0 Uncommon trap: reason=class_check action=maybe_recompile pc=0x0000017e9018c398 method=java.nio.Buffer.<init>(IIIILjava/lang/foreign/MemorySegment;)V @ 39 c2
Event: 10.028 Thread 0x0000017efe2561b0 DEOPT PACKING pc=0x0000017e9018c398 sp=0x00000044677fde80
Event: 10.028 Thread 0x0000017efe2561b0 DEOPT UNPACKING pc=0x0000017e8fbf4402 sp=0x00000044677fde58 mode 2
Event: 10.028 Thread 0x0000017efe2561b0 Uncommon trap: trap_request=0xffffff45 fr.pc=0x0000017e90189718 relative=0x0000000000000c38
Event: 10.028 Thread 0x0000017efe2561b0 Uncommon trap: reason=unstable_if action=reinterpret pc=0x0000017e90189718 method=java.nio.charset.CharsetDecoder.decode(Ljava/nio/ByteBuffer;Ljava/nio/CharBuffer;Z)Ljava/nio/charset/CoderResult; @ 15 c2
Event: 10.028 Thread 0x0000017efe2561b0 DEOPT PACKING pc=0x0000017e90189718 sp=0x00000044677fde70
Event: 10.028 Thread 0x0000017efe2561b0 DEOPT UNPACKING pc=0x0000017e8fbf4402 sp=0x00000044677fdd28 mode 2

Classes loaded (20 events):
Event: 9.227 Loading class java/lang/annotation/Target
Event: 9.229 Loading class java/lang/annotation/Target done
Event: 9.230 Loading class java/lang/annotation/ElementType
Event: 9.231 Loading class java/lang/annotation/ElementType done
Event: 9.231 Loading class java/lang/annotation/Documented
Event: 9.231 Loading class java/lang/annotation/Documented done
Event: 9.292 Loading class java/util/concurrent/TimeoutException
Event: 9.293 Loading class java/util/concurrent/TimeoutException done
Event: 9.318 Loading class java/util/concurrent/CancellationException
Event: 9.319 Loading class java/util/concurrent/CancellationException done
Event: 9.370 Loading class java/lang/reflect/ParameterizedType
Event: 9.370 Loading class java/lang/reflect/ParameterizedType done
Event: 9.378 Loading class java/lang/reflect/WildcardType
Event: 9.378 Loading class java/lang/reflect/WildcardType done
Event: 9.386 Loading class sun/reflect/generics/tree/TypeVariableSignature
Event: 9.386 Loading class sun/reflect/generics/tree/TypeVariableSignature done
Event: 9.466 Loading class java/lang/annotation/IncompleteAnnotationException
Event: 9.466 Loading class java/lang/annotation/IncompleteAnnotationException done
Event: 9.853 Loading class java/lang/foreign/MemorySegment
Event: 9.854 Loading class java/lang/foreign/MemorySegment done

Classes unloaded (0 events):
No events

Classes redefined (0 events):
No events

Internal exceptions (20 events):
Event: 0.862 Thread 0x0000017efe2561b0 Exception <a 'java/lang/NoSuchMethodError'{0x000000008953be78}: 'java.lang.Object java.lang.invoke.Invokers$Holder.invokeExact_MT(java.lang.Object, java.lang.Object, java.lang.Object, java.lang.Object, java.lang.Object)'> (0x000000008953be78) 
thrown [s\open\src\hotspot\share\interpreter\linkResolver.cpp, line 796]
Event: 0.913 Thread 0x0000017efe2561b0 Exception <a 'java/lang/NullPointerException'{0x000000008959fa30}> (0x000000008959fa30) 
thrown [s\open\src\hotspot\share\interpreter\linkResolver.cpp, line 1389]
Event: 0.993 Thread 0x0000017efe2561b0 Exception <a 'java/lang/NullPointerException'{0x00000000895be608}> (0x00000000895be608) 
thrown [s\open\src\hotspot\share\interpreter\linkResolver.cpp, line 1389]
Event: 0.993 Thread 0x0000017efe2561b0 Exception <a 'java/lang/NullPointerException'{0x00000000895be8e8}> (0x00000000895be8e8) 
thrown [s\open\src\hotspot\share\interpreter\linkResolver.cpp, line 1389]
Event: 0.993 Thread 0x0000017efe2561b0 Exception <a 'java/lang/NullPointerException'{0x00000000895bebc8}> (0x00000000895bebc8) 
thrown [s\open\src\hotspot\share\interpreter\linkResolver.cpp, line 1389]
Event: 0.998 Thread 0x0000017efe2561b0 Exception <a 'java/lang/NullPointerException'{0x00000000895c4bb8}> (0x00000000895c4bb8) 
thrown [s\open\src\hotspot\share\interpreter\linkResolver.cpp, line 1389]
Event: 1.004 Thread 0x0000017efe2561b0 Exception <a 'java/lang/NullPointerException'{0x00000000895d8ef8}> (0x00000000895d8ef8) 
thrown [s\open\src\hotspot\share\interpreter\linkResolver.cpp, line 1389]
Event: 1.004 Thread 0x0000017efe2561b0 Exception <a 'java/lang/NullPointerException'{0x00000000895d91d8}> (0x00000000895d91d8) 
thrown [s\open\src\hotspot\share\interpreter\linkResolver.cpp, line 1389]
Event: 1.004 Thread 0x0000017efe2561b0 Exception <a 'java/lang/NullPointerException'{0x00000000895d94b8}> (0x00000000895d94b8) 
thrown [s\open\src\hotspot\share\interpreter\linkResolver.cpp, line 1389]
Event: 1.004 Thread 0x0000017efe2561b0 Exception <a 'java/lang/NullPointerException'{0x00000000895d9798}> (0x00000000895d9798) 
thrown [s\open\src\hotspot\share\interpreter\linkResolver.cpp, line 1389]
Event: 1.105 Thread 0x0000017efe2561b0 Exception <a 'java/lang/NoSuchMethodError'{0x0000000089456050}: 'void java.lang.invoke.DirectMethodHandle$Holder.invokeStatic(java.lang.Object, java.lang.Object)'> (0x0000000089456050) 
thrown [s\open\src\hotspot\share\interpreter\linkResolver.cpp, line 796]
Event: 1.106 Thread 0x0000017efe2561b0 Exception <a 'java/lang/NoSuchMethodError'{0x0000000089459468}: 'void java.lang.invoke.DirectMethodHandle$Holder.invokeStaticInit(java.lang.Object, java.lang.Object)'> (0x0000000089459468) 
thrown [s\open\src\hotspot\share\interpreter\linkResolver.cpp, line 796]
Event: 3.323 Thread 0x0000017efe2561b0 Exception <a 'java/lang/NoSuchMethodError'{0x0000000089250a28}: 'java.lang.Object java.lang.invoke.DirectMethodHandle$Holder.invokeSpecialIFC(java.lang.Object, java.lang.Object, java.lang.Object, java.lang.Object)'> (0x0000000089250a28) 
thrown [s\open\src\hotspot\share\interpreter\linkResolver.cpp, line 796]
Event: 5.543 Thread 0x0000017efe2561b0 Exception <a 'java/lang/NoSuchMethodError'{0x0000000088c48e78}: 'void java.lang.invoke.DirectMethodHandle$Holder.invokeSpecial(java.lang.Object, java.lang.Object, java.lang.Object)'> (0x0000000088c48e78) 
thrown [s\open\src\hotspot\share\interpreter\linkResolver.cpp, line 796]
Event: 8.432 Thread 0x0000017efe2561b0 Exception <a 'java/lang/NoSuchMethodError'{0x00000000899e5c78}: 'java.lang.Object java.lang.invoke.DirectMethodHandle$Holder.invokeInterface(java.lang.Object, java.lang.Object)'> (0x00000000899e5c78) 
thrown [s\open\src\hotspot\share\interpreter\linkResolver.cpp, line 796]
Event: 8.548 Thread 0x0000017efe2561b0 Exception <a 'java/lang/NoSuchMethodError'{0x0000000089889c80}: 'int java.lang.invoke.DirectMethodHandle$Holder.invokeStatic(java.lang.Object, java.lang.Object, java.lang.Object, java.lang.Object)'> (0x0000000089889c80) 
thrown [s\open\src\hotspot\share\interpreter\linkResolver.cpp, line 796]
Event: 8.563 Thread 0x0000017efe2561b0 Exception <a 'java/lang/NoSuchMethodError'{0x00000000898986c8}: 'int java.lang.invoke.DirectMethodHandle$Holder.invokeSpecialIFC(java.lang.Object, java.lang.Object, java.lang.Object, java.lang.Object, java.lang.Object)'> (0x00000000898986c8) 
thrown [s\open\src\hotspot\share\interpreter\linkResolver.cpp, line 796]
Event: 9.007 Thread 0x0000017efe2561b0 Exception <a 'java/lang/NoSuchMethodError'{0x0000000089643170}: 'void java.lang.invoke.DirectMethodHandle$Holder.invokeStatic(java.lang.Object, int, java.lang.Object)'> (0x0000000089643170) 
thrown [s\open\src\hotspot\share\interpreter\linkResolver.cpp, line 796]
Event: 9.438 Thread 0x0000017efe2561b0 Exception <a 'java/lang/NoSuchMethodError'{0x00000000895d47b8}: 'int java.lang.invoke.DirectMethodHandle$Holder.invokeStaticInit(java.lang.Object, java.lang.Object)'> (0x00000000895d47b8) 
thrown [s\open\src\hotspot\share\interpreter\linkResolver.cpp, line 796]
Event: 9.501 Thread 0x0000017efe2561b0 Exception <a 'java/lang/NoClassDefFoundError'{0x000000008940cc48}: javax/enterprise/inject/Typed> (0x000000008940cc48) 
thrown [s\open\src\hotspot\share\classfile\systemDictionary.cpp, line 302]

VM Operations (8 events):
Event: 0.372 Executing VM operation: HandshakeAllThreads (Deoptimize)
Event: 0.372 Executing VM operation: HandshakeAllThreads (Deoptimize) done
Event: 0.910 Executing VM operation: HandshakeAllThreads (Deoptimize)
Event: 0.910 Executing VM operation: HandshakeAllThreads (Deoptimize) done
Event: 1.186 Executing VM operation: HandshakeAllThreads (Deoptimize)
Event: 2.717 Executing VM operation: HandshakeAllThreads (Deoptimize) done
Event: 5.649 Executing VM operation: G1CollectForAllocation (G1 Evacuation Pause)
Event: 8.300 Executing VM operation: G1CollectForAllocation (G1 Evacuation Pause) done

Memory protections (0 events):
No events

Nmethod flushes (0 events):
No events

Events (12 events):
Event: 0.104 Thread 0x0000017efe2561b0 Thread added: 0x0000017efe2561b0
Event: 0.150 Thread 0x0000017efe2561b0 Thread added: 0x0000017e9c872e00
Event: 0.150 Thread 0x0000017efe2561b0 Thread added: 0x0000017e9c875d30
Event: 0.151 Thread 0x0000017efe2561b0 Thread added: 0x0000017e9c877b00
Event: 0.151 Thread 0x0000017efe2561b0 Thread added: 0x0000017e9c87a570
Event: 0.151 Thread 0x0000017efe2561b0 Thread added: 0x0000017e9c87afd0
Event: 0.151 Thread 0x0000017efe2561b0 Thread added: 0x0000017e9c87ba30
Event: 0.151 Thread 0x0000017efe2561b0 Thread added: 0x0000017e9c87c7c0
Event: 0.163 Thread 0x0000017efe2561b0 Thread added: 0x0000017e9c87fa20
Event: 0.294 Thread 0x0000017efe2561b0 Thread added: 0x0000017e9c9e4d80
Event: 0.317 Thread 0x0000017efe2561b0 Thread added: 0x0000017e9c9f95a0
Event: 0.920 Thread 0x0000017efe2561b0 Thread added: 0x0000017e9cc12390


Dynamic libraries:
0x00007ff628760000 - 0x00007ff628770000 	C:\Program Files\Java\jdk-23\bin\java.exe
0x00007ffe80c70000 - 0x00007ffe80e68000 	C:\Windows\SYSTEM32\ntdll.dll
0x00007ffe7ed20000 - 0x00007ffe7ede2000 	C:\Windows\System32\KERNEL32.DLL
0x00007ffe7e860000 - 0x00007ffe7eb5f000 	C:\Windows\System32\KERNELBASE.dll
0x00007ffe7e4d0000 - 0x00007ffe7e5d0000 	C:\Windows\System32\ucrtbase.dll
0x00007ffe78210000 - 0x00007ffe78227000 	C:\Program Files\Java\jdk-23\bin\jli.dll
0x00007ffe7f070000 - 0x00007ffe7f20d000 	C:\Windows\System32\USER32.dll
0x00007ffe7ec60000 - 0x00007ffe7ec82000 	C:\Windows\System32\win32u.dll
0x00007ffe7f6b0000 - 0x00007ffe7f6db000 	C:\Windows\System32\GDI32.dll
0x00007ffe7e3b0000 - 0x00007ffe7e4ca000 	C:\Windows\System32\gdi32full.dll
0x00007ffe7e310000 - 0x00007ffe7e3ad000 	C:\Windows\System32\msvcp_win.dll
0x00007ffe781f0000 - 0x00007ffe7820b000 	C:\Program Files\Java\jdk-23\bin\VCRUNTIME140.dll
0x00007ffe6a470000 - 0x00007ffe6a70a000 	C:\Windows\WinSxS\amd64_microsoft.windows.common-controls_6595b64144ccf1df_6.0.19041.4355_none_60b8b9eb71f62e16\COMCTL32.dll
0x00007ffe7efd0000 - 0x00007ffe7f06e000 	C:\Windows\System32\msvcrt.dll
0x00007ffe7f5a0000 - 0x00007ffe7f5cf000 	C:\Windows\System32\IMM32.DLL
0x00007ffe76f80000 - 0x00007ffe76f8c000 	C:\Program Files\Java\jdk-23\bin\vcruntime140_1.dll
0x00007ffe4b070000 - 0x00007ffe4b0fe000 	C:\Program Files\Java\jdk-23\bin\msvcp140.dll
0x00007ffe38de0000 - 0x00007ffe39b2f000 	C:\Program Files\Java\jdk-23\bin\server\jvm.dll
0x00007ffe7ef20000 - 0x00007ffe7efcf000 	C:\Windows\System32\ADVAPI32.dll
0x00007ffe7f2e0000 - 0x00007ffe7f37f000 	C:\Windows\System32\sechost.dll
0x00007ffe7edf0000 - 0x00007ffe7ef13000 	C:\Windows\System32\RPCRT4.dll
0x00007ffe7e7c0000 - 0x00007ffe7e7e7000 	C:\Windows\System32\bcrypt.dll
0x00007ffe7f5d0000 - 0x00007ffe7f63b000 	C:\Windows\System32\WS2_32.dll
0x00007ffe7d810000 - 0x00007ffe7d85b000 	C:\Windows\SYSTEM32\POWRPROF.dll
0x00007ffe66c10000 - 0x00007ffe66c37000 	C:\Windows\SYSTEM32\WINMM.dll
0x00007ffe73b00000 - 0x00007ffe73b0a000 	C:\Windows\SYSTEM32\VERSION.dll
0x00007ffe7d6d0000 - 0x00007ffe7d6e2000 	C:\Windows\SYSTEM32\UMPDC.dll
0x00007ffe7c150000 - 0x00007ffe7c162000 	C:\Windows\SYSTEM32\kernel.appcore.dll
0x00007ffe76e60000 - 0x00007ffe76e6a000 	C:\Program Files\Java\jdk-23\bin\jimage.dll
0x00007ffe66c40000 - 0x00007ffe66e24000 	C:\Windows\SYSTEM32\DBGHELP.DLL
0x00007ffe5ba20000 - 0x00007ffe5ba54000 	C:\Windows\SYSTEM32\dbgcore.DLL
0x00007ffe7e730000 - 0x00007ffe7e7b2000 	C:\Windows\System32\bcryptPrimitives.dll
0x00007ffe76ac0000 - 0x00007ffe76ade000 	C:\Program Files\Java\jdk-23\bin\java.dll
0x00007ffe80680000 - 0x00007ffe807ab000 	C:\Windows\System32\ole32.dll
0x00007ffe7f750000 - 0x00007ffe7faa5000 	C:\Windows\System32\combase.dll
0x00007ffe7ff00000 - 0x00007ffe8066d000 	C:\Windows\System32\SHELL32.dll
0x00007ffe7c350000 - 0x00007ffe7caf4000 	C:\Windows\SYSTEM32\windows.storage.dll
0x00007ffe7dc60000 - 0x00007ffe7dc8f000 	C:\Windows\SYSTEM32\Wldp.dll
0x00007ffe7f210000 - 0x00007ffe7f2dd000 	C:\Windows\System32\OLEAUT32.dll
0x00007ffe7fb60000 - 0x00007ffe7fc0d000 	C:\Windows\System32\SHCORE.dll
0x00007ffe7fcf0000 - 0x00007ffe7fd45000 	C:\Windows\System32\shlwapi.dll
0x00007ffe7e240000 - 0x00007ffe7e264000 	C:\Windows\SYSTEM32\profapi.dll
0x00007ffe49c90000 - 0x00007ffe49d67000 	C:\Program Files\Java\jdk-23\bin\jsvml.dll
0x00007ffe74220000 - 0x00007ffe74230000 	C:\Program Files\Java\jdk-23\bin\net.dll
0x00007ffe7da40000 - 0x00007ffe7daac000 	C:\Windows\system32\mswsock.dll
0x00007ffe737c0000 - 0x00007ffe737d6000 	C:\Program Files\Java\jdk-23\bin\nio.dll
0x00007ffe73680000 - 0x00007ffe73697000 	C:\Program Files\Java\jdk-23\bin\zip.dll
0x00007ffe6d420000 - 0x00007ffe6d444000 	C:\Users\ADMIN\.m2\wrapper\dists\apache-maven-3.9.11\a2d47e15\lib\jansi-native\Windows\x86_64\jansi.dll
0x00007ffe73920000 - 0x00007ffe73930000 	C:\Program Files\Java\jdk-23\bin\verify.dll

dbghelp: loaded successfully - version: 4.0.5 - missing functions: none
symbol engine: initialized successfully - sym options: 0x614 - pdb path: .;C:\Program Files\Java\jdk-23\bin;C:\Windows\SYSTEM32;C:\Windows\WinSxS\amd64_microsoft.windows.common-controls_6595b64144ccf1df_6.0.19041.4355_none_60b8b9eb71f62e16;C:\Program Files\Java\jdk-23\bin\server;C:\Users\ADMIN\.m2\wrapper\dists\apache-maven-3.9.11\a2d47e15\lib\jansi-native\Windows\x86_64

VM Arguments:
jvm_args: --add-opens=java.base/java.lang=ALL-UNNAMED --enable-native-access=ALL-UNNAMED -Dclassworlds.conf=C:/Users/ADMIN/.m2/wrapper/dists/apache-maven-3.9.11/a2d47e15/bin/m2.conf -Dmaven.home=C:/Users/ADMIN/.m2/wrapper/dists/apache-maven-3.9.11/a2d47e15 -Dlibrary.jansi.path=C:/Users/ADMIN/.m2/wrapper/dists/apache-maven-3.9.11/a2d47e15/lib/jansi-native -Dmaven.multiModuleProjectDirectory=C:/DATN/doan 
java_command: org.codehaus.plexus.classworlds.launcher.Launcher spring-boot:run -Pdev-no-frontend-build
java_class_path (initial): C:/Users/ADMIN/.m2/wrapper/dists/apache-maven-3.9.11/a2d47e15/boot/plexus-classworlds-2.9.0.jar
Launcher Type: SUN_STANDARD

[Global flags]
     intx CICompilerCount                          = 3                                         {product} {ergonomic}
     uint ConcGCThreads                            = 1                                         {product} {ergonomic}
     uint G1ConcRefinementThreads                  = 4                                         {product} {ergonomic}
   size_t G1HeapRegionSize                         = 1048576                                   {product} {ergonomic}
   size_t InitialHeapSize                          = 134217728                                 {product} {ergonomic}
   size_t MarkStackSize                            = 4194304                                   {product} {ergonomic}
   size_t MarkStackSizeMax                         = 536870912                                 {product} {ergonomic}
   size_t MaxHeapSize                              = 2120220672                                {product} {ergonomic}
   size_t MaxNewSize                               = 1271922688                                {product} {ergonomic}
   size_t MinHeapDeltaBytes                        = 1048576                                   {product} {ergonomic}
   size_t MinHeapSize                              = 8388608                                   {product} {ergonomic}
    uintx NonNMethodCodeHeapSize                   = 5832704                                {pd product} {ergonomic}
    uintx NonProfiledCodeHeapSize                  = 122945536                              {pd product} {ergonomic}
    uintx ProfiledCodeHeapSize                     = 122880000                              {pd product} {ergonomic}
    uintx ReservedCodeCacheSize                    = 251658240                              {pd product} {ergonomic}
     bool SegmentedCodeCache                       = true                                      {product} {ergonomic}
   size_t SoftMaxHeapSize                          = 2120220672                             {manageable} {ergonomic}
     bool UseCompressedOops                        = true                           {product lp64_product} {ergonomic}
     bool UseG1GC                                  = true                                      {product} {ergonomic}
     bool UseLargePagesIndividualAllocation        = false                                  {pd product} {ergonomic}

Logging:
Log output configuration:
 #0: stdout all=warning uptime,level,tags foldmultilines=false
 #1: stderr all=off uptime,level,tags foldmultilines=false

Environment Variables:
PATH=C:\Users\ADMIN\bin;D:\Git\mingw64\bin;D:\Git\usr\local\bin;D:\Git\usr\bin;D:\Git\usr\bin;D:\Git\mingw64\bin;D:\Git\usr\bin;C:\Users\ADMIN\bin;C:\Users\ADMIN\AppData\Local\Programs\Python\Python310\Scripts;C:\Users\ADMIN\AppData\Local\Programs\Microsoft VS Code;C:\Program Files\Common Files\Oracle\Java\javapath;C:\Windows\system32;C:\Windows;C:\Windows\System32\Wbem;C:\Windows\System32\WindowsPowerShell\v1.0;C:\Windows\System32\OpenSSH;C:\Program Files (x86)\Microsoft SQL Server\160\Tools\Binn;C:\Program Files\Microsoft SQL Server\160\Tools\Binn;C:\Program Files\Microsoft SQL Server\Client SDK\ODBC\170\Tools\Binn;C:\Program Files\Microsoft SQL Server\160\DTS\Binn;C:\Program Files\CMake\bin;C:\Program Files (x86)\Stellar CLI;D:\;C:\Program Files\Docker\Docker\resources\bin;D:\Git\cmd;C:\Users\ADMIN\AppData\Local\Programs\Python\Python312\Scripts;C:\Users\ADMIN\AppData\Local\Programs\Python\Python312;C:\Users\ADMIN\AppData\Local\Programs\Python\Python310\Scripts;C:\Users\ADMIN\AppData\Local\Programs\Python\Python310;C:\Users\ADMIN\.cargo\bin;C:\Users\ADMIN\AppData\Local\Microsoft\WindowsApps;C:\Users\ADMIN\AppData\Local\Programs\Microsoft VS Code\bin;C:\msys64\mingw64\bin;C:\msys64\ucrt64\bin;C:\Users\ADMIN\AppData\Local\Python\bin;C:\Users\ADMIN\AppData\Local\Programs\Antigravity\bin;C:\Users\ADMIN\AppData\Roaming\npm;D:\Git\usr\bin\vendor_perl;D:\Git\usr\bin\core_perl;C:\Users\ADMIN\.foundry\bin
USERNAME=ADMIN
SHELL=D:\Git\usr\bin\bash.exe
DISPLAY=needs-to-be-defined
LANG=en_US.UTF-8
TERM=xterm-256color
TMPDIR=C:\Users\ADMIN\AppData\Local\Temp
OS=Windows_NT
PROCESSOR_IDENTIFIER=Intel64 Family 6 Model 78 Stepping 3, GenuineIntel
TMP=C:\Users\ADMIN\AppData\Local\Temp
TEMP=C:\Users\ADMIN\AppData\Local\Temp




Periodic native trim disabled

---------------  S Y S T E M  ---------------

OS:
 Windows 10 , 64 bit Build 19041 (10.0.19041.5438)
OS uptime: 7 days 3:27 hours
Hyper-V role detected

CPU: total 4 (initial active 4) (2 cores per cpu, 2 threads per core) family 6 model 78 stepping 3 microcode 0xf0, cx8, cmov, fxsr, ht, mmx, 3dnowpref, sse, sse2, sse3, ssse3, sse4.1, sse4.2, popcnt, lzcnt, tsc, tscinvbit, avx, avx2, aes, erms, clmul, bmi1, bmi2, rtm, adx, fma, vzeroupper, clflush, clflushopt, hv, rdtscp, f16c
Processor Information for the first 4 processors :
  Max Mhz: 2501, Current Mhz: 2501, Mhz Limit: 2501

Memory: 4k page, system-wide physical 8083M (191M free)
TotalPageFile size 19315M (AvailPageFile size 0M)
current process WorkingSet (physical memory assigned to process): 74M, peak: 74M
current process commit charge ("private bytes"): 220M, peak: 220M

vm_info: Java HotSpot(TM) 64-Bit Server VM (23+37-2369) for windows-amd64 JRE (23+37-2369), built on 2024-08-20T16:01:23Z with MS VC++ 17.6 (VS2022)

END.
