#
# There is insufficient memory for the Java Runtime Environment to continue.
# Native memory allocation (malloc) failed to allocate 1010584 bytes. Error detail: Chunk::new
# Possible reasons:
#   The system is out of physical RAM or swap space
#   This process is running with CompressedOops enabled, and the Java Heap may be blocking the growth of the native heap
# Possible solutions:
#   Reduce memory load on the system
#   Increase physical memory or swap space
#   Check if swap backing store is full
#   Decrease Java heap size (-Xmx/-Xms)
#   Decrease number of Java threads
#   Decrease Java thread stack sizes (-Xss)
#   Set larger code cache with -XX:ReservedCodeCacheSize=
#   JVM is running with Unscaled Compressed Oops mode in which the Java heap is
#     placed in the first 4GB address space. The Java Heap base address is the
#     maximum limit for the native heap growth. Please use -XX:HeapBaseMinAddress
#     to set the Java Heap base and to place the Java Heap above 4GB virtual address.
# This output file may be truncated or incomplete.
#
#  Out of Memory Error (arena.cpp:186), pid=5964, tid=9520
#
# JRE version: OpenJDK Runtime Environment JBR-25.0.2+1-329.111-jcef (25.0.2+1) (build 25.0.2+1-b329.111)
# Java VM: OpenJDK 64-Bit Server VM JBR-25.0.2+1-329.111-jcef (25.0.2+1-b329.111, mixed mode, sharing, tiered, compressed oops, compressed class ptrs, g1 gc, windows-amd64)
# No core dump will be written. Minidumps are not enabled by default on client versions of Windows
#

---------------  S U M M A R Y ------------

Command Line: git4idea.http.GitAskPassApp Username for 'https://github.com': 

Host: Intel(R) Core(TM) i5-6300U CPU @ 2.40GHz, 4 cores, 7G,  Windows 10 , 64 bit Build 19041 (10.0.19041.5438)
Time: Wed Apr 29 14:38:28 2026 SE Asia Standard Time elapsed time: 1.699131 seconds (0d 0h 0m 1s)

---------------  T H R E A D  ---------------

Current thread (0x0000026dc8637a70):  JavaThread "C2 CompilerThread0" daemon [_thread_in_native, id=9520, stack(0x0000009741e00000,0x0000009741f00000) (1024K)]


Current CompileTask:
C2:1699 1031       4       sun.security.ec.ECOperations::setDouble (463 bytes)

Stack: [0x0000009741e00000,0x0000009741f00000]
Native frames: (J=compiled Java code, j=interpreted, Vv=VM code, C=native code)
V  [jvm.dll+0x7c0cc9]  (no source info available)
V  [jvm.dll+0x78a49d]  (no source info available)
V  [jvm.dll+0xa0e693]  (no source info available)
V  [jvm.dll+0xa10e8c]  (no source info available)
V  [jvm.dll+0xa11583]  (no source info available)
V  [jvm.dll+0x307b46]  (no source info available)
V  [jvm.dll+0x114676]  (no source info available)
V  [jvm.dll+0x1149a6]  (no source info available)
V  [jvm.dll+0x38d331]  (no source info available)
V  [jvm.dll+0x6d00d9]  (no source info available)
V  [jvm.dll+0x2d2aea]  (no source info available)
V  [jvm.dll+0x2d2eef]  (no source info available)
V  [jvm.dll+0x2cb6d9]  (no source info available)
V  [jvm.dll+0x2c8ad4]  (no source info available)
V  [jvm.dll+0x240560]  (no source info available)
V  [jvm.dll+0x2d8c64]  (no source info available)
V  [jvm.dll+0x2d6e8b]  (no source info available)
V  [jvm.dll+0x49dbc5]  (no source info available)
V  [jvm.dll+0x9ae57d]  (no source info available)
V  [jvm.dll+0x7bf1e5]  (no source info available)
C  [ucrtbase.dll+0x21bb2]  (no source info available)
C  [KERNEL32.DLL+0x17374]  (no source info available)
C  [ntdll.dll+0x4cc91]  (no source info available)

Lock stack of current Java thread (top to bottom):


---------------  P R O C E S S  ---------------

Threads class SMR info:
_java_thread_list=0x0000026dcd6ffe20, length=14, elements={
0x0000026dae3ead30, 0x0000026dc86247d0, 0x0000026dc8629510, 0x0000026dc862a370,
0x0000026dc8634840, 0x0000026dc8635400, 0x0000026dc8635fc0, 0x0000026dc8636b80,
0x0000026dc8637a70, 0x0000026dc86422b0, 0x0000026dc86ccf40, 0x0000026dcd3c0610,
0x0000026dcd722db0, 0x0000026dcd7521c0
}

Java Threads: ( => current thread )
  0x0000026dae3ead30 JavaThread "main"                              [_thread_blocked, id=12436, stack(0x0000009740f00000,0x0000009741000000) (1024K)]
  0x0000026dc86247d0 JavaThread "Common-Cleaner"             daemon [_thread_blocked, id=5800, stack(0x0000009741700000,0x0000009741800000) (1024K)]
  0x0000026dc8629510 JavaThread "Reference Handler"          daemon [_thread_blocked, id=2272, stack(0x0000009741800000,0x0000009741900000) (1024K)]
  0x0000026dc862a370 JavaThread "Finalizer"                  daemon [_thread_blocked, id=1604, stack(0x0000009741900000,0x0000009741a00000) (1024K)]
  0x0000026dc8634840 JavaThread "Signal Dispatcher"          daemon [_thread_blocked, id=17476, stack(0x0000009741a00000,0x0000009741b00000) (1024K)]
  0x0000026dc8635400 JavaThread "Attach Listener"            daemon [_thread_blocked, id=7720, stack(0x0000009741b00000,0x0000009741c00000) (1024K)]
  0x0000026dc8635fc0 JavaThread "Service Thread"             daemon [_thread_blocked, id=16080, stack(0x0000009741c00000,0x0000009741d00000) (1024K)]
  0x0000026dc8636b80 JavaThread "Monitor Deflation Thread"   daemon [_thread_blocked, id=11420, stack(0x0000009741d00000,0x0000009741e00000) (1024K)]
=>0x0000026dc8637a70 JavaThread "C2 CompilerThread0"         daemon [_thread_in_native, id=9520, stack(0x0000009741e00000,0x0000009741f00000) (1024K)]
  0x0000026dc86422b0 JavaThread "C1 CompilerThread0"         daemon [_thread_blocked, id=12796, stack(0x0000009741f00000,0x0000009742000000) (1024K)]
  0x0000026dc86ccf40 JavaThread "Notification Thread"        daemon [_thread_blocked, id=2356, stack(0x0000009742000000,0x0000009742100000) (1024K)]
  0x0000026dcd3c0610 JavaThread "HttpClient-1-SelectorManager" daemon [_thread_in_native, id=11364, stack(0x0000009742100000,0x0000009742200000) (1024K)]
  0x0000026dcd722db0 JavaThread "HttpClient-1-Worker-0"      daemon [_thread_blocked, id=9696, stack(0x0000009742300000,0x0000009742400000) (1024K)]
  0x0000026dcd7521c0 JavaThread "HttpClient-1-Worker-1"      daemon [_thread_blocked, id=2844, stack(0x0000009742400000,0x0000009742500000) (1024K)]
Total: 14

Other Threads:
  0x0000026db06cea50 VMThread "VM Thread"                           [id=2104, stack(0x0000009741600000,0x0000009741700000) (1024K)]
  0x0000026dc860d0f0 WatcherThread "VM Periodic Task Thread"        [id=460, stack(0x0000009741500000,0x0000009741600000) (1024K)]
  0x0000026db065a7d0 WorkerThread "GC Thread#0"                     [id=11960, stack(0x0000009741000000,0x0000009741100000) (1024K)]
  0x0000026db0674cf0 ConcurrentGCThread "G1 Main Marker"            [id=16740, stack(0x0000009741100000,0x0000009741200000) (1024K)]
  0x0000026db06760a0 WorkerThread "G1 Conc#0"                       [id=4332, stack(0x0000009741200000,0x0000009741300000) (1024K)]
  0x0000026db06ab5f0 ConcurrentGCThread "G1 Refine#0"               [id=5976, stack(0x0000009741300000,0x0000009741400000) (1024K)]
  0x0000026db06ae010 ConcurrentGCThread "G1 Service"                [id=3408, stack(0x0000009741400000,0x0000009741500000) (1024K)]
Total: 7

Threads with active compile tasks:
C2 CompilerThread0  1839 1031       4       sun.security.ec.ECOperations::setDouble (463 bytes)
Total: 1

VM state: not at safepoint (normal execution)

VM Mutex/Monitor currently owned by a thread: None

Heap address: 0x0000000081a00000, size: 2022 MB, Compressed Oops mode: 32-bit

CDS archive(s) mapped at: [0x0000000027000000-0x0000000028cd0000-0x0000000028cd0000), size 30212096, SharedBaseAddress: 0x0000000027000000, ArchiveRelocationMode: 1.
Compressed class space mapped at: 0x0000000029000000-0x0000000069000000, reserved size: 1073741824
UseCompressedClassPointers 1, UseCompactObjectHeaders 0
Narrow klass pointer bits 32, Max shift 3
Narrow klass base: 0x0000000027000000, Narrow klass shift: 0
Encoding Range: [0x0000000027000000 - 0x0000000127000000), (4294967296 bytes)
Klass Range:    [0x0000000027010000 - 0x0000000069000000), (1107230720 bytes)
Klass ID Range:  [65536 - 1107296249) (1107230713)
Protection zone: [0x0000000027000000 - 0x0000000027010000), (65536 bytes)

GC Precious Log:
 CardTable entry size: 512
 Card Set container configuration: InlinePtr #cards 5 size 8 Array Of Cards #cards 10 size 36 Howl #buckets 4 coarsen threshold 1843 Howl Bitmap #cards 512 size 80 coarsen threshold 460 Card regions per heap region 1 cards per card region 2048
 CPUs: 4 total, 4 available
 Memory: 8083M
 Large Page Support: Disabled
 NUMA Support: Disabled
 Compressed Oops: Enabled (32-bit)
 Heap Region Size: 1M
 Heap Min Capacity: 8M
 Heap Initial Capacity: 128M
 Heap Max Capacity: 2022M
 Pre-touch: Disabled
 Parallel Workers: 4
 Concurrent Workers: 1
 Concurrent Refinement Workers: 4
 Periodic GC: Disabled

Heap:
 garbage-first heap   total reserved 2070528K, committed 134144K, used 13572K [0x0000000081a00000, 0x0000000100000000)
  region size 1024K, 12 young (12288K), 0 survivors (0K)

Heap Regions: E=young(eden), S=young(survivor), O=old, HS=humongous(starts), HC=humongous(continues), CS=collection set, F=free, TAMS=top-at-mark-start, PB=parsable bottom
|   0|0x0000000081a00000, 0x0000000081a00000, 0x0000000081b00000|  0%| F|  |TAMS 0x0000000081a00000| PB 0x0000000081a00000| Untracked |  0
|   1|0x0000000081b00000, 0x0000000081b00000, 0x0000000081c00000|  0%| F|  |TAMS 0x0000000081b00000| PB 0x0000000081b00000| Untracked |  0
|   2|0x0000000081c00000, 0x0000000081c00000, 0x0000000081d00000|  0%| F|  |TAMS 0x0000000081c00000| PB 0x0000000081c00000| Untracked |  0
|   3|0x0000000081d00000, 0x0000000081d00000, 0x0000000081e00000|  0%| F|  |TAMS 0x0000000081d00000| PB 0x0000000081d00000| Untracked |  0
|   4|0x0000000081e00000, 0x0000000081e00000, 0x0000000081f00000|  0%| F|  |TAMS 0x0000000081e00000| PB 0x0000000081e00000| Untracked |  0
|   5|0x0000000081f00000, 0x0000000081f00000, 0x0000000082000000|  0%| F|  |TAMS 0x0000000081f00000| PB 0x0000000081f00000| Untracked |  0
|   6|0x0000000082000000, 0x0000000082000000, 0x0000000082100000|  0%| F|  |TAMS 0x0000000082000000| PB 0x0000000082000000| Untracked |  0
|   7|0x0000000082100000, 0x0000000082100000, 0x0000000082200000|  0%| F|  |TAMS 0x0000000082100000| PB 0x0000000082100000| Untracked |  0
|   8|0x0000000082200000, 0x0000000082200000, 0x0000000082300000|  0%| F|  |TAMS 0x0000000082200000| PB 0x0000000082200000| Untracked |  0
|   9|0x0000000082300000, 0x0000000082300000, 0x0000000082400000|  0%| F|  |TAMS 0x0000000082300000| PB 0x0000000082300000| Untracked |  0
|  10|0x0000000082400000, 0x0000000082400000, 0x0000000082500000|  0%| F|  |TAMS 0x0000000082400000| PB 0x0000000082400000| Untracked |  0
|  11|0x0000000082500000, 0x0000000082500000, 0x0000000082600000|  0%| F|  |TAMS 0x0000000082500000| PB 0x0000000082500000| Untracked |  0
|  12|0x0000000082600000, 0x0000000082600000, 0x0000000082700000|  0%| F|  |TAMS 0x0000000082600000| PB 0x0000000082600000| Untracked |  0
|  13|0x0000000082700000, 0x0000000082700000, 0x0000000082800000|  0%| F|  |TAMS 0x0000000082700000| PB 0x0000000082700000| Untracked |  0
|  14|0x0000000082800000, 0x0000000082800000, 0x0000000082900000|  0%| F|  |TAMS 0x0000000082800000| PB 0x0000000082800000| Untracked |  0
|  15|0x0000000082900000, 0x0000000082900000, 0x0000000082a00000|  0%| F|  |TAMS 0x0000000082900000| PB 0x0000000082900000| Untracked |  0
|  16|0x0000000082a00000, 0x0000000082a00000, 0x0000000082b00000|  0%| F|  |TAMS 0x0000000082a00000| PB 0x0000000082a00000| Untracked |  0
|  17|0x0000000082b00000, 0x0000000082b00000, 0x0000000082c00000|  0%| F|  |TAMS 0x0000000082b00000| PB 0x0000000082b00000| Untracked |  0
|  18|0x0000000082c00000, 0x0000000082c00000, 0x0000000082d00000|  0%| F|  |TAMS 0x0000000082c00000| PB 0x0000000082c00000| Untracked |  0
|  19|0x0000000082d00000, 0x0000000082d00000, 0x0000000082e00000|  0%| F|  |TAMS 0x0000000082d00000| PB 0x0000000082d00000| Untracked |  0
|  20|0x0000000082e00000, 0x0000000082e00000, 0x0000000082f00000|  0%| F|  |TAMS 0x0000000082e00000| PB 0x0000000082e00000| Untracked |  0
|  21|0x0000000082f00000, 0x0000000082f00000, 0x0000000083000000|  0%| F|  |TAMS 0x0000000082f00000| PB 0x0000000082f00000| Untracked |  0
|  22|0x0000000083000000, 0x0000000083000000, 0x0000000083100000|  0%| F|  |TAMS 0x0000000083000000| PB 0x0000000083000000| Untracked |  0
|  23|0x0000000083100000, 0x0000000083100000, 0x0000000083200000|  0%| F|  |TAMS 0x0000000083100000| PB 0x0000000083100000| Untracked |  0
|  24|0x0000000083200000, 0x0000000083200000, 0x0000000083300000|  0%| F|  |TAMS 0x0000000083200000| PB 0x0000000083200000| Untracked |  0
|  25|0x0000000083300000, 0x0000000083300000, 0x0000000083400000|  0%| F|  |TAMS 0x0000000083300000| PB 0x0000000083300000| Untracked |  0
|  26|0x0000000083400000, 0x0000000083400000, 0x0000000083500000|  0%| F|  |TAMS 0x0000000083400000| PB 0x0000000083400000| Untracked |  0
|  27|0x0000000083500000, 0x0000000083500000, 0x0000000083600000|  0%| F|  |TAMS 0x0000000083500000| PB 0x0000000083500000| Untracked |  0
|  28|0x0000000083600000, 0x0000000083600000, 0x0000000083700000|  0%| F|  |TAMS 0x0000000083600000| PB 0x0000000083600000| Untracked |  0
|  29|0x0000000083700000, 0x0000000083700000, 0x0000000083800000|  0%| F|  |TAMS 0x0000000083700000| PB 0x0000000083700000| Untracked |  0
|  30|0x0000000083800000, 0x0000000083800000, 0x0000000083900000|  0%| F|  |TAMS 0x0000000083800000| PB 0x0000000083800000| Untracked |  0
|  31|0x0000000083900000, 0x0000000083900000, 0x0000000083a00000|  0%| F|  |TAMS 0x0000000083900000| PB 0x0000000083900000| Untracked |  0
|  32|0x0000000083a00000, 0x0000000083a00000, 0x0000000083b00000|  0%| F|  |TAMS 0x0000000083a00000| PB 0x0000000083a00000| Untracked |  0
|  33|0x0000000083b00000, 0x0000000083b00000, 0x0000000083c00000|  0%| F|  |TAMS 0x0000000083b00000| PB 0x0000000083b00000| Untracked |  0
|  34|0x0000000083c00000, 0x0000000083c00000, 0x0000000083d00000|  0%| F|  |TAMS 0x0000000083c00000| PB 0x0000000083c00000| Untracked |  0
|  35|0x0000000083d00000, 0x0000000083d00000, 0x0000000083e00000|  0%| F|  |TAMS 0x0000000083d00000| PB 0x0000000083d00000| Untracked |  0
|  36|0x0000000083e00000, 0x0000000083e00000, 0x0000000083f00000|  0%| F|  |TAMS 0x0000000083e00000| PB 0x0000000083e00000| Untracked |  0
|  37|0x0000000083f00000, 0x0000000083f00000, 0x0000000084000000|  0%| F|  |TAMS 0x0000000083f00000| PB 0x0000000083f00000| Untracked |  0
|  38|0x0000000084000000, 0x0000000084000000, 0x0000000084100000|  0%| F|  |TAMS 0x0000000084000000| PB 0x0000000084000000| Untracked |  0
|  39|0x0000000084100000, 0x0000000084100000, 0x0000000084200000|  0%| F|  |TAMS 0x0000000084100000| PB 0x0000000084100000| Untracked |  0
|  40|0x0000000084200000, 0x0000000084200000, 0x0000000084300000|  0%| F|  |TAMS 0x0000000084200000| PB 0x0000000084200000| Untracked |  0
|  41|0x0000000084300000, 0x0000000084300000, 0x0000000084400000|  0%| F|  |TAMS 0x0000000084300000| PB 0x0000000084300000| Untracked |  0
|  42|0x0000000084400000, 0x0000000084400000, 0x0000000084500000|  0%| F|  |TAMS 0x0000000084400000| PB 0x0000000084400000| Untracked |  0
|  43|0x0000000084500000, 0x0000000084500000, 0x0000000084600000|  0%| F|  |TAMS 0x0000000084500000| PB 0x0000000084500000| Untracked |  0
|  44|0x0000000084600000, 0x0000000084600000, 0x0000000084700000|  0%| F|  |TAMS 0x0000000084600000| PB 0x0000000084600000| Untracked |  0
|  45|0x0000000084700000, 0x0000000084700000, 0x0000000084800000|  0%| F|  |TAMS 0x0000000084700000| PB 0x0000000084700000| Untracked |  0
|  46|0x0000000084800000, 0x0000000084800000, 0x0000000084900000|  0%| F|  |TAMS 0x0000000084800000| PB 0x0000000084800000| Untracked |  0
|  47|0x0000000084900000, 0x0000000084900000, 0x0000000084a00000|  0%| F|  |TAMS 0x0000000084900000| PB 0x0000000084900000| Untracked |  0
|  48|0x0000000084a00000, 0x0000000084a00000, 0x0000000084b00000|  0%| F|  |TAMS 0x0000000084a00000| PB 0x0000000084a00000| Untracked |  0
|  49|0x0000000084b00000, 0x0000000084b00000, 0x0000000084c00000|  0%| F|  |TAMS 0x0000000084b00000| PB 0x0000000084b00000| Untracked |  0
|  50|0x0000000084c00000, 0x0000000084c00000, 0x0000000084d00000|  0%| F|  |TAMS 0x0000000084c00000| PB 0x0000000084c00000| Untracked |  0
|  51|0x0000000084d00000, 0x0000000084d00000, 0x0000000084e00000|  0%| F|  |TAMS 0x0000000084d00000| PB 0x0000000084d00000| Untracked |  0
|  52|0x0000000084e00000, 0x0000000084e00000, 0x0000000084f00000|  0%| F|  |TAMS 0x0000000084e00000| PB 0x0000000084e00000| Untracked |  0
|  53|0x0000000084f00000, 0x0000000084f00000, 0x0000000085000000|  0%| F|  |TAMS 0x0000000084f00000| PB 0x0000000084f00000| Untracked |  0
|  54|0x0000000085000000, 0x0000000085000000, 0x0000000085100000|  0%| F|  |TAMS 0x0000000085000000| PB 0x0000000085000000| Untracked |  0
|  55|0x0000000085100000, 0x0000000085100000, 0x0000000085200000|  0%| F|  |TAMS 0x0000000085100000| PB 0x0000000085100000| Untracked |  0
|  56|0x0000000085200000, 0x0000000085200000, 0x0000000085300000|  0%| F|  |TAMS 0x0000000085200000| PB 0x0000000085200000| Untracked |  0
|  57|0x0000000085300000, 0x0000000085300000, 0x0000000085400000|  0%| F|  |TAMS 0x0000000085300000| PB 0x0000000085300000| Untracked |  0
|  58|0x0000000085400000, 0x0000000085400000, 0x0000000085500000|  0%| F|  |TAMS 0x0000000085400000| PB 0x0000000085400000| Untracked |  0
|  59|0x0000000085500000, 0x0000000085500000, 0x0000000085600000|  0%| F|  |TAMS 0x0000000085500000| PB 0x0000000085500000| Untracked |  0
|  60|0x0000000085600000, 0x0000000085600000, 0x0000000085700000|  0%| F|  |TAMS 0x0000000085600000| PB 0x0000000085600000| Untracked |  0
|  61|0x0000000085700000, 0x0000000085700000, 0x0000000085800000|  0%| F|  |TAMS 0x0000000085700000| PB 0x0000000085700000| Untracked |  0
|  62|0x0000000085800000, 0x0000000085800000, 0x0000000085900000|  0%| F|  |TAMS 0x0000000085800000| PB 0x0000000085800000| Untracked |  0
|  63|0x0000000085900000, 0x0000000085900000, 0x0000000085a00000|  0%| F|  |TAMS 0x0000000085900000| PB 0x0000000085900000| Untracked |  0
|  64|0x0000000085a00000, 0x0000000085a00000, 0x0000000085b00000|  0%| F|  |TAMS 0x0000000085a00000| PB 0x0000000085a00000| Untracked |  0
|  65|0x0000000085b00000, 0x0000000085b00000, 0x0000000085c00000|  0%| F|  |TAMS 0x0000000085b00000| PB 0x0000000085b00000| Untracked |  0
|  66|0x0000000085c00000, 0x0000000085c00000, 0x0000000085d00000|  0%| F|  |TAMS 0x0000000085c00000| PB 0x0000000085c00000| Untracked |  0
|  67|0x0000000085d00000, 0x0000000085d00000, 0x0000000085e00000|  0%| F|  |TAMS 0x0000000085d00000| PB 0x0000000085d00000| Untracked |  0
|  68|0x0000000085e00000, 0x0000000085e00000, 0x0000000085f00000|  0%| F|  |TAMS 0x0000000085e00000| PB 0x0000000085e00000| Untracked |  0
|  69|0x0000000085f00000, 0x0000000085f00000, 0x0000000086000000|  0%| F|  |TAMS 0x0000000085f00000| PB 0x0000000085f00000| Untracked |  0
|  70|0x0000000086000000, 0x0000000086000000, 0x0000000086100000|  0%| F|  |TAMS 0x0000000086000000| PB 0x0000000086000000| Untracked |  0
|  71|0x0000000086100000, 0x0000000086100000, 0x0000000086200000|  0%| F|  |TAMS 0x0000000086100000| PB 0x0000000086100000| Untracked |  0
|  72|0x0000000086200000, 0x0000000086200000, 0x0000000086300000|  0%| F|  |TAMS 0x0000000086200000| PB 0x0000000086200000| Untracked |  0
|  73|0x0000000086300000, 0x0000000086300000, 0x0000000086400000|  0%| F|  |TAMS 0x0000000086300000| PB 0x0000000086300000| Untracked |  0
|  74|0x0000000086400000, 0x0000000086400000, 0x0000000086500000|  0%| F|  |TAMS 0x0000000086400000| PB 0x0000000086400000| Untracked |  0
|  75|0x0000000086500000, 0x0000000086500000, 0x0000000086600000|  0%| F|  |TAMS 0x0000000086500000| PB 0x0000000086500000| Untracked |  0
|  76|0x0000000086600000, 0x0000000086600000, 0x0000000086700000|  0%| F|  |TAMS 0x0000000086600000| PB 0x0000000086600000| Untracked |  0
|  77|0x0000000086700000, 0x0000000086700000, 0x0000000086800000|  0%| F|  |TAMS 0x0000000086700000| PB 0x0000000086700000| Untracked |  0
|  78|0x0000000086800000, 0x0000000086800000, 0x0000000086900000|  0%| F|  |TAMS 0x0000000086800000| PB 0x0000000086800000| Untracked |  0
|  79|0x0000000086900000, 0x0000000086900000, 0x0000000086a00000|  0%| F|  |TAMS 0x0000000086900000| PB 0x0000000086900000| Untracked |  0
|  80|0x0000000086a00000, 0x0000000086a00000, 0x0000000086b00000|  0%| F|  |TAMS 0x0000000086a00000| PB 0x0000000086a00000| Untracked |  0
|  81|0x0000000086b00000, 0x0000000086b00000, 0x0000000086c00000|  0%| F|  |TAMS 0x0000000086b00000| PB 0x0000000086b00000| Untracked |  0
|  82|0x0000000086c00000, 0x0000000086c00000, 0x0000000086d00000|  0%| F|  |TAMS 0x0000000086c00000| PB 0x0000000086c00000| Untracked |  0
|  83|0x0000000086d00000, 0x0000000086d00000, 0x0000000086e00000|  0%| F|  |TAMS 0x0000000086d00000| PB 0x0000000086d00000| Untracked |  0
|  84|0x0000000086e00000, 0x0000000086e00000, 0x0000000086f00000|  0%| F|  |TAMS 0x0000000086e00000| PB 0x0000000086e00000| Untracked |  0
|  85|0x0000000086f00000, 0x0000000086f00000, 0x0000000087000000|  0%| F|  |TAMS 0x0000000086f00000| PB 0x0000000086f00000| Untracked |  0
|  86|0x0000000087000000, 0x0000000087000000, 0x0000000087100000|  0%| F|  |TAMS 0x0000000087000000| PB 0x0000000087000000| Untracked |  0
|  87|0x0000000087100000, 0x0000000087100000, 0x0000000087200000|  0%| F|  |TAMS 0x0000000087100000| PB 0x0000000087100000| Untracked |  0
|  88|0x0000000087200000, 0x0000000087200000, 0x0000000087300000|  0%| F|  |TAMS 0x0000000087200000| PB 0x0000000087200000| Untracked |  0
|  89|0x0000000087300000, 0x0000000087300000, 0x0000000087400000|  0%| F|  |TAMS 0x0000000087300000| PB 0x0000000087300000| Untracked |  0
|  90|0x0000000087400000, 0x0000000087400000, 0x0000000087500000|  0%| F|  |TAMS 0x0000000087400000| PB 0x0000000087400000| Untracked |  0
|  91|0x0000000087500000, 0x0000000087500000, 0x0000000087600000|  0%| F|  |TAMS 0x0000000087500000| PB 0x0000000087500000| Untracked |  0
|  92|0x0000000087600000, 0x0000000087600000, 0x0000000087700000|  0%| F|  |TAMS 0x0000000087600000| PB 0x0000000087600000| Untracked |  0
|  93|0x0000000087700000, 0x0000000087700000, 0x0000000087800000|  0%| F|  |TAMS 0x0000000087700000| PB 0x0000000087700000| Untracked |  0
|  94|0x0000000087800000, 0x0000000087800000, 0x0000000087900000|  0%| F|  |TAMS 0x0000000087800000| PB 0x0000000087800000| Untracked |  0
|  95|0x0000000087900000, 0x0000000087900000, 0x0000000087a00000|  0%| F|  |TAMS 0x0000000087900000| PB 0x0000000087900000| Untracked |  0
|  96|0x0000000087a00000, 0x0000000087a00000, 0x0000000087b00000|  0%| F|  |TAMS 0x0000000087a00000| PB 0x0000000087a00000| Untracked |  0
|  97|0x0000000087b00000, 0x0000000087b00000, 0x0000000087c00000|  0%| F|  |TAMS 0x0000000087b00000| PB 0x0000000087b00000| Untracked |  0
|  98|0x0000000087c00000, 0x0000000087c00000, 0x0000000087d00000|  0%| F|  |TAMS 0x0000000087c00000| PB 0x0000000087c00000| Untracked |  0
|  99|0x0000000087d00000, 0x0000000087d00000, 0x0000000087e00000|  0%| F|  |TAMS 0x0000000087d00000| PB 0x0000000087d00000| Untracked |  0
| 100|0x0000000087e00000, 0x0000000087e00000, 0x0000000087f00000|  0%| F|  |TAMS 0x0000000087e00000| PB 0x0000000087e00000| Untracked |  0
| 101|0x0000000087f00000, 0x0000000087f00000, 0x0000000088000000|  0%| F|  |TAMS 0x0000000087f00000| PB 0x0000000087f00000| Untracked |  0
| 102|0x0000000088000000, 0x0000000088000000, 0x0000000088100000|  0%| F|  |TAMS 0x0000000088000000| PB 0x0000000088000000| Untracked |  0
| 103|0x0000000088100000, 0x0000000088100000, 0x0000000088200000|  0%| F|  |TAMS 0x0000000088100000| PB 0x0000000088100000| Untracked |  0
| 104|0x0000000088200000, 0x0000000088200000, 0x0000000088300000|  0%| F|  |TAMS 0x0000000088200000| PB 0x0000000088200000| Untracked |  0
| 105|0x0000000088300000, 0x0000000088300000, 0x0000000088400000|  0%| F|  |TAMS 0x0000000088300000| PB 0x0000000088300000| Untracked |  0
| 106|0x0000000088400000, 0x0000000088400000, 0x0000000088500000|  0%| F|  |TAMS 0x0000000088400000| PB 0x0000000088400000| Untracked |  0
| 107|0x0000000088500000, 0x0000000088500000, 0x0000000088600000|  0%| F|  |TAMS 0x0000000088500000| PB 0x0000000088500000| Untracked |  0
| 108|0x0000000088600000, 0x0000000088600000, 0x0000000088700000|  0%| F|  |TAMS 0x0000000088600000| PB 0x0000000088600000| Untracked |  0
| 109|0x0000000088700000, 0x0000000088700000, 0x0000000088800000|  0%| F|  |TAMS 0x0000000088700000| PB 0x0000000088700000| Untracked |  0
| 110|0x0000000088800000, 0x0000000088800000, 0x0000000088900000|  0%| F|  |TAMS 0x0000000088800000| PB 0x0000000088800000| Untracked |  0
| 111|0x0000000088900000, 0x0000000088900000, 0x0000000088a00000|  0%| F|  |TAMS 0x0000000088900000| PB 0x0000000088900000| Untracked |  0
| 112|0x0000000088a00000, 0x0000000088a00000, 0x0000000088b00000|  0%| F|  |TAMS 0x0000000088a00000| PB 0x0000000088a00000| Untracked |  0
| 113|0x0000000088b00000, 0x0000000088b00000, 0x0000000088c00000|  0%| F|  |TAMS 0x0000000088b00000| PB 0x0000000088b00000| Untracked |  0
| 114|0x0000000088c00000, 0x0000000088c00000, 0x0000000088d00000|  0%| F|  |TAMS 0x0000000088c00000| PB 0x0000000088c00000| Untracked |  0
| 115|0x0000000088d00000, 0x0000000088d00000, 0x0000000088e00000|  0%| F|  |TAMS 0x0000000088d00000| PB 0x0000000088d00000| Untracked |  0
| 116|0x0000000088e00000, 0x0000000088f00000, 0x0000000088f00000|100%| E|  |TAMS 0x0000000088e00000| PB 0x0000000088e00000| Complete |  0
| 117|0x0000000088f00000, 0x0000000089000000, 0x0000000089000000|100%| E|CS|TAMS 0x0000000088f00000| PB 0x0000000088f00000| Complete |  0
| 118|0x0000000089000000, 0x0000000089100000, 0x0000000089100000|100%| E|CS|TAMS 0x0000000089000000| PB 0x0000000089000000| Complete |  0
| 119|0x0000000089100000, 0x0000000089200000, 0x0000000089200000|100%| E|CS|TAMS 0x0000000089100000| PB 0x0000000089100000| Complete |  0
| 120|0x0000000089200000, 0x0000000089300000, 0x0000000089300000|100%| E|CS|TAMS 0x0000000089200000| PB 0x0000000089200000| Complete |  0
| 121|0x0000000089300000, 0x0000000089400000, 0x0000000089400000|100%| E|CS|TAMS 0x0000000089300000| PB 0x0000000089300000| Complete |  0
| 122|0x0000000089400000, 0x0000000089500000, 0x0000000089500000|100%| E|CS|TAMS 0x0000000089400000| PB 0x0000000089400000| Complete |  0
| 123|0x0000000089500000, 0x0000000089600000, 0x0000000089600000|100%| E|CS|TAMS 0x0000000089500000| PB 0x0000000089500000| Complete |  0
| 124|0x0000000089600000, 0x0000000089700000, 0x0000000089700000|100%| E|CS|TAMS 0x0000000089600000| PB 0x0000000089600000| Complete |  0
| 125|0x0000000089700000, 0x0000000089800000, 0x0000000089800000|100%| E|CS|TAMS 0x0000000089700000| PB 0x0000000089700000| Complete |  0
| 126|0x0000000089800000, 0x0000000089900000, 0x0000000089900000|100%| E|CS|TAMS 0x0000000089800000| PB 0x0000000089800000| Complete |  0
| 127|0x0000000089900000, 0x0000000089a00000, 0x0000000089a00000|100%| E|CS|TAMS 0x0000000089900000| PB 0x0000000089900000| Complete |  0
|2019|0x00000000ffd00000, 0x00000000ffe00000, 0x00000000ffe00000|100%| O|  |TAMS 0x00000000ffd00000| PB 0x00000000ffd00000| Untracked |  0
|2020|0x00000000ffe00000, 0x00000000fff00000, 0x00000000fff00000|100%| O|  |TAMS 0x00000000ffe00000| PB 0x00000000ffe00000| Untracked |  0
|2021|0x00000000fff00000, 0x00000000fff41038, 0x0000000100000000| 25%| O|  |TAMS 0x00000000fff00000| PB 0x00000000fff00000| Untracked |  0

Card table byte_map: [0x0000026dc3e10000,0x0000026dc4210000] _byte_map_base: 0x0000026dc3a03000

Marking Bits: (CMBitMap*) 0x0000026db065af60
 Bits: [0x0000026dc4210000, 0x0000026dc61a8000)

Polling page: 0x0000026dafde0000

Metaspace:
Metaspace        used 2768K, committed 2944K, reserved 1114112K
 class space     used 301K, committed 384K, reserved 1048576K

Usage:
  Non-class:      2.41 MB used.
      Class:    301.95 KB used.
       Both:      2.70 MB used.

Virtual space:
  Non-class space:       64.00 MB reserved,       2.50 MB (  4%) committed,  1 nodes.
      Class space:        1.00 GB reserved,     384.00 KB ( <1%) committed,  1 nodes.
             Both:        1.06 GB reserved,       2.88 MB ( <1%) committed. 

Chunk freelists:
   Non-Class:  10.80 MB
       Class:  15.54 MB
        Both:  26.33 MB

MaxMetaspaceSize: unlimited
CompressedClassSpaceSize: 1.00 GB
Initial GC threshold: 21.00 MB
Current GC threshold: 21.00 MB
CDS: on
 - commit_granule_bytes: 65536.
 - commit_granule_words: 8192.
 - virtual_space_node_default_size: 8388608.
 - enlarge_chunks_in_place: 1.
UseCompressedClassPointers 1, UseCompactObjectHeaders 0
Narrow klass pointer bits 32, Max shift 3
Narrow klass base: 0x0000000027000000, Narrow klass shift: 0
Encoding Range: [0x0000000027000000 - 0x0000000127000000), (4294967296 bytes)
Klass Range:    [0x0000000027010000 - 0x0000000069000000), (1107230720 bytes)
Klass ID Range:  [65536 - 1107296249) (1107230713)
Protection zone: [0x0000000027000000 - 0x0000000027010000), (65536 bytes)


Internal statistics:

num_allocs_failed_limit: 0.
num_arena_births: 72.
num_arena_deaths: 0.
num_vsnodes_births: 2.
num_vsnodes_deaths: 0.
num_space_committed: 46.
num_space_uncommitted: 0.
num_chunks_returned_to_freelist: 0.
num_chunks_taken_from_freelist: 165.
num_chunk_merges: 0.
num_chunk_splits: 101.
num_chunks_enlarged: 61.
num_inconsistent_stats: 0.

CodeHeap 'non-profiled nmethods': size=120064Kb used=290Kb max_used=290Kb free=119773Kb
 bounds [0x0000026dbc4d0000, 0x0000026dbc740000, 0x0000026dc3a10000]
CodeHeap 'profiled nmethods': size=120000Kb used=1357Kb max_used=1357Kb free=118642Kb
 bounds [0x0000026db4a10000, 0x0000026db4c80000, 0x0000026dbbf40000]
CodeHeap 'non-nmethods': size=5696Kb used=1394Kb max_used=1412Kb free=4301Kb
 bounds [0x0000026dbbf40000, 0x0000026dbc1b0000, 0x0000026dbc4d0000]
CodeCache: size=245760Kb, used=3041Kb, max_used=3059Kb, free=242716Kb
 total_blobs=1555, nmethods=1035, adapters=424, full_count=0
Compilation: enabled, stopped_count=0, restarted_count=0

Compilation events (20 events):
Event: 1.540 Thread 0x0000026dc86422b0 1029       3       sun.security.util.math.intpoly.MontgomeryIntegerPolynomialP256::get0 (13 bytes)
Event: 1.541 Thread 0x0000026dc86422b0 nmethod 1029 0x0000026db4b62308 code [0x0000026db4b62400, 0x0000026db4b62838]
Event: 1.548 Thread 0x0000026dc8637a70 nmethod 1018 0x0000026dbc516f08 code [0x0000026dbc517000, 0x0000026dbc517290]
Event: 1.548 Thread 0x0000026dc8637a70 1020       4       sun.security.util.math.intpoly.IntegerPolynomial$MutableElement::setProduct (58 bytes)
Event: 1.557 Thread 0x0000026dc8637a70 nmethod 1020 0x0000026dbc517308 code [0x0000026dbc517400, 0x0000026dbc517740]
Event: 1.557 Thread 0x0000026dc8637a70 1030       4       sun.security.ec.ECOperations$PointMultiplier::lookup (84 bytes)
Event: 1.577 Thread 0x0000026dc86422b0 1032       3       sun.security.ec.ECOperations$Secp256R1GeneratorMontgomeryMultiplier::bit (13 bytes)
Event: 1.578 Thread 0x0000026dc86422b0 nmethod 1032 0x0000026db4b62888 code [0x0000026db4b62980, 0x0000026db4b62aa0]
Event: 1.580 Thread 0x0000026dc86422b0 1034       3       java.lang.Enum::hashCode (21 bytes)
Event: 1.580 Thread 0x0000026dc86422b0 nmethod 1034 0x0000026db4b62b88 code [0x0000026db4b62c80, 0x0000026db4b62df8]
Event: 1.581 Thread 0x0000026dc86422b0 1035       3       java.util.Objects::checkFromIndexSize (8 bytes)
Event: 1.581 Thread 0x0000026dc86422b0 nmethod 1035 0x0000026db4b62e88 code [0x0000026db4b62f80, 0x0000026db4b63178]
Event: 1.582 Thread 0x0000026dc86422b0 1036       3       java.nio.Buffer::remaining (20 bytes)
Event: 1.582 Thread 0x0000026dc86422b0 nmethod 1036 0x0000026db4b63188 code [0x0000026db4b63280, 0x0000026db4b633f8]
Event: 1.587 Thread 0x0000026dc8637a70 nmethod 1030 0x0000026dbc517a88 code [0x0000026dbc517b80, 0x0000026dbc518520]
Event: 1.587 Thread 0x0000026dc8637a70 1024       4       sun.security.util.math.intpoly.IntegerPolynomial$MutableElement::setSquare (52 bytes)
Event: 1.590 Thread 0x0000026dc8637a70 nmethod 1024 0x0000026dbc518588 code [0x0000026dbc518680, 0x0000026dbc518820]
Event: 1.590 Thread 0x0000026dc8637a70 1025       4       sun.security.util.math.intpoly.MontgomeryIntegerPolynomialP256::square (8 bytes)
Event: 1.591 Thread 0x0000026dc8637a70 nmethod 1025 0x0000026dbc518888 code [0x0000026dbc518980, 0x0000026dbc518a28]
Event: 1.591 Thread 0x0000026dc8637a70 1031       4       sun.security.ec.ECOperations::setDouble (463 bytes)

GC Heap Usage History (0 events):
No events

Metaspace Usage History (0 events):
No events

Dll operation events (2 events):
Event: 0.062 Loaded shared library D:\code\New Folder\DataGrip 2026.1.2\jbr\bin\java.dll
Event: 0.390 Loaded shared library D:\code\New Folder\DataGrip 2026.1.2\jbr\bin\zip.dll

Deoptimization events (20 events):
Event: 1.526 Thread 0x0000026dcd722db0 DEOPT PACKING pc=0x0000026db4b52e46 sp=0x00000097423fd190
Event: 1.527 Thread 0x0000026dcd722db0 DEOPT UNPACKING pc=0x0000026dbbf91702 sp=0x00000097423fc5b8 mode 0
Event: 1.528 Thread 0x0000026dcd722db0 DEOPT PACKING pc=0x0000026db4b52e46 sp=0x00000097423fd190
Event: 1.528 Thread 0x0000026dcd722db0 DEOPT UNPACKING pc=0x0000026dbbf91702 sp=0x00000097423fc5b8 mode 0
Event: 1.529 Thread 0x0000026dcd722db0 DEOPT PACKING pc=0x0000026db4b52e46 sp=0x00000097423fd190
Event: 1.530 Thread 0x0000026dcd722db0 DEOPT UNPACKING pc=0x0000026dbbf91702 sp=0x00000097423fc5b8 mode 0
Event: 1.530 Thread 0x0000026dcd722db0 DEOPT PACKING pc=0x0000026db4b52e46 sp=0x00000097423fd190
Event: 1.530 Thread 0x0000026dcd722db0 DEOPT UNPACKING pc=0x0000026dbbf91702 sp=0x00000097423fc5b8 mode 0
Event: 1.531 Thread 0x0000026dcd722db0 DEOPT PACKING pc=0x0000026db4b52e46 sp=0x00000097423fd190
Event: 1.531 Thread 0x0000026dcd722db0 DEOPT UNPACKING pc=0x0000026dbbf91702 sp=0x00000097423fc5b8 mode 0
Event: 1.533 Thread 0x0000026dcd722db0 DEOPT PACKING pc=0x0000026db4b52e46 sp=0x00000097423fd190
Event: 1.533 Thread 0x0000026dcd722db0 DEOPT UNPACKING pc=0x0000026dbbf91702 sp=0x00000097423fc5b8 mode 0
Event: 1.534 Thread 0x0000026dcd722db0 DEOPT PACKING pc=0x0000026db4b52e46 sp=0x00000097423fd190
Event: 1.534 Thread 0x0000026dcd722db0 DEOPT UNPACKING pc=0x0000026dbbf91702 sp=0x00000097423fc5b8 mode 0
Event: 1.535 Thread 0x0000026dcd722db0 DEOPT PACKING pc=0x0000026db4b52e46 sp=0x00000097423fd190
Event: 1.535 Thread 0x0000026dcd722db0 DEOPT UNPACKING pc=0x0000026dbbf91702 sp=0x00000097423fc5b8 mode 0
Event: 1.536 Thread 0x0000026dcd722db0 DEOPT PACKING pc=0x0000026db4b52e46 sp=0x00000097423fd190
Event: 1.536 Thread 0x0000026dcd722db0 DEOPT UNPACKING pc=0x0000026dbbf91702 sp=0x00000097423fc5b8 mode 0
Event: 1.539 Thread 0x0000026dcd722db0 DEOPT PACKING pc=0x0000026db4b52e46 sp=0x00000097423fd190
Event: 1.539 Thread 0x0000026dcd722db0 DEOPT UNPACKING pc=0x0000026dbbf91702 sp=0x00000097423fc5b8 mode 0

Classes loaded (20 events):
Event: 1.062 Loading class jdk/internal/event/SocketWriteEvent
Event: 1.062 Loading class jdk/internal/event/SocketWriteEvent done
Event: 1.063 Loading class jdk/internal/event/SocketReadEvent
Event: 1.063 Loading class jdk/internal/event/SocketReadEvent done
Event: 1.064 Loading class java/nio/BufferMismatch
Event: 1.064 Loading class java/nio/BufferMismatch done
Event: 1.064 Loading class sun/nio/ch/SourceChannelImpl
Event: 1.065 Loading class java/nio/channels/Pipe$SourceChannel
Event: 1.065 Loading class java/nio/channels/Pipe$SourceChannel done
Event: 1.065 Loading class sun/nio/ch/SourceChannelImpl done
Event: 1.065 Loading class sun/nio/ch/SinkChannelImpl
Event: 1.066 Loading class java/nio/channels/Pipe$SinkChannel
Event: 1.066 Loading class java/nio/channels/Pipe$SinkChannel done
Event: 1.066 Loading class sun/nio/ch/SinkChannelImpl done
Event: 1.083 Loading class sun/net/spi/DefaultProxySelector$NonProxyInfo
Event: 1.084 Loading class sun/net/spi/DefaultProxySelector$NonProxyInfo done
Event: 1.426 Loading class sun/security/ec/ECOperations$Secp256R1GeneratorMontgomeryMultiplier
Event: 1.427 Loading class sun/security/ec/ECOperations$Secp256R1GeneratorMontgomeryMultiplier done
Event: 1.428 Loading class sun/security/ec/ECOperations$DefaultMultiplier
Event: 1.428 Loading class sun/security/ec/ECOperations$DefaultMultiplier done

Classes unloaded (0 events):
No events

Classes redefined (0 events):
No events

Internal exceptions (16 events):
Event: 0.436 Thread 0x0000026dae3ead30 Exception <a 'sun/nio/fs/WindowsException'{0x00000000897e5e78}> (0x00000000897e5e78) 
thrown [s\src\hotspot\share\prims\jni.cpp, line 535]
Event: 0.561 Thread 0x0000026dae3ead30 Exception <a 'java/lang/NoSuchMethodError'{0x00000000896f4170}: 'java.lang.Object java.lang.invoke.DirectMethodHandle$Holder.invokeStaticInit(java.lang.Object, java.lang.Object, int, int, int, int)'> (0x00000000896f4170) 
thrown [s\src\hotspot\share\interpreter\linkResolver.cpp, line 815]
Event: 0.602 Thread 0x0000026dae3ead30 Exception <a 'java/lang/NoSuchMethodError'{0x00000000895816f0}: 'int java.lang.invoke.DirectMethodHandle$Holder.invokeSpecialIFC(java.lang.Object, java.lang.Object, java.lang.Object)'> (0x00000000895816f0) 
thrown [s\src\hotspot\share\interpreter\linkResolver.cpp, line 815]
Event: 0.899 Thread 0x0000026dae3ead30 Exception <a 'java/lang/NoSuchMethodError'{0x000000008947b118}: 'long java.lang.invoke.DirectMethodHandle$Holder.invokeSpecial(java.lang.Object, java.lang.Object)'> (0x000000008947b118) 
thrown [s\src\hotspot\share\interpreter\linkResolver.cpp, line 815]
Event: 0.903 Thread 0x0000026dae3ead30 Exception <a 'java/lang/NoSuchMethodError'{0x0000000089492298}: 'int java.lang.invoke.DirectMethodHandle$Holder.invokeStatic(java.lang.Object, java.lang.Object, java.lang.Object, java.lang.Object)'> (0x0000000089492298) 
thrown [s\src\hotspot\share\interpreter\linkResolver.cpp, line 815]
Event: 1.078 Thread 0x0000026dae3ead30 Exception <a 'java/lang/NoSuchMethodError'{0x00000000893db3f0}: 'java.lang.Object java.lang.invoke.DirectMethodHandle$Holder.newInvokeSpecial(java.lang.Object, java.lang.Object, java.lang.Object, java.lang.Object, java.lang.Object)'> (0x00000000893db3f0) 
thrown [s\src\hotspot\share\interpreter\linkResolver.cpp, line 815]
Event: 1.131 Thread 0x0000026dae3ead30 Exception <a 'java/lang/NoSuchMethodError'{0x000000008913f150}: 'java.lang.Object java.lang.invoke.DirectMethodHandle$Holder.invokeSpecial(java.lang.Object, java.lang.Object, java.lang.Object, java.lang.Object, java.lang.Object, int)'> (0x000000008913f150) 
thrown [s\src\hotspot\share\interpreter\linkResolver.cpp, line 815]
Event: 1.133 Thread 0x0000026dae3ead30 Exception <a 'java/lang/NoSuchMethodError'{0x000000008914f998}: 'java.lang.Object java.lang.invoke.Invokers$Holder.linkToTargetMethod(java.lang.Object, java.lang.Object, int, java.lang.Object)'> (0x000000008914f998) 
thrown [s\src\hotspot\share\interpreter\linkResolver.cpp, line 815]
Event: 1.144 Thread 0x0000026dae3ead30 Exception <a 'java/lang/NoSuchMethodError'{0x0000000089171978}: 'void java.lang.invoke.DirectMethodHandle$Holder.invokeSpecial(java.lang.Object, java.lang.Object, java.lang.Object)'> (0x0000000089171978) 
thrown [s\src\hotspot\share\interpreter\linkResolver.cpp, line 815]
Event: 1.170 Thread 0x0000026dcd3c0610 Exception <a 'java/lang/NoSuchMethodError'{0x00000000892103d8}: 'int java.lang.invoke.DirectMethodHandle$Holder.invokeStatic(java.lang.Object, int, java.lang.Object)'> (0x00000000892103d8) 
thrown [s\src\hotspot\share\interpreter\linkResolver.cpp, line 815]
Event: 1.173 Thread 0x0000026dcd3c0610 Exception <a 'java/lang/NoSuchMethodError'{0x0000000089227af8}: 'void java.lang.invoke.DirectMethodHandle$Holder.invokeStatic(java.lang.Object, java.lang.Object, int)'> (0x0000000089227af8) 
thrown [s\src\hotspot\share\interpreter\linkResolver.cpp, line 815]
Event: 1.175 Thread 0x0000026dcd3c0610 Exception <a 'java/lang/NoSuchMethodError'{0x0000000089236e18}: 'java.lang.Object java.lang.invoke.DirectMethodHandle$Holder.newInvokeSpecial(java.lang.Object, java.lang.Object, int)'> (0x0000000089236e18) 
thrown [s\src\hotspot\share\interpreter\linkResolver.cpp, line 815]
Event: 1.191 Thread 0x0000026dae3ead30 Exception <a 'java/lang/NoSuchMethodError'{0x0000000089038028}: 'void java.lang.invoke.DirectMethodHandle$Holder.invokeSpecial(java.lang.Object, java.lang.Object, java.lang.Object, java.lang.Object, java.lang.Object)'> (0x0000000089038028) 
thrown [s\src\hotspot\share\interpreter\linkResolver.cpp, line 815]
Event: 1.268 Thread 0x0000026dcd722db0 Exception <a 'java/lang/NoSuchMethodError'{0x000000008908db08}: 'void java.lang.invoke.DirectMethodHandle$Holder.invokeInterface(java.lang.Object, java.lang.Object, java.lang.Object)'> (0x000000008908db08) 
thrown [s\src\hotspot\share\interpreter\linkResolver.cpp, line 815]
Event: 1.334 Thread 0x0000026dcd722db0 Exception <a 'java/lang/NoSuchMethodError'{0x0000000088f1ba18}: 'long java.lang.invoke.DirectMethodHandle$Holder.invokeStatic(java.lang.Object, long, long)'> (0x0000000088f1ba18) 
thrown [s\src\hotspot\share\interpreter\linkResolver.cpp, line 815]
Event: 1.334 Thread 0x0000026dcd3c0610 Exception <a 'java/lang/NoSuchMethodError'{0x0000000089274908}: 'long java.lang.invoke.DirectMethodHandle$Holder.invokeStatic(java.lang.Object, long, long)'> (0x0000000089274908) 
thrown [s\src\hotspot\share\interpreter\linkResolver.cpp, line 815]

VM Operations (2 events):
Event: 0.525 Executing non-safepoint VM operation: HandshakeAllThreads (Deoptimize)
Event: 0.525 Executing non-safepoint VM operation: HandshakeAllThreads (Deoptimize) done

Memory protections (0 events):
No events

Nmethod flushes (0 events):
No events

Events (20 events):
Event: 0.194 Thread 0x0000026dae3ead30 Thread added: 0x0000026dae3ead30
Event: 0.218 Thread 0x0000026dae3ead30 Thread added: 0x0000026dc86247d0
Event: 0.222 Thread 0x0000026dae3ead30 Thread added: 0x0000026dc8629510
Event: 0.222 Thread 0x0000026dae3ead30 Thread added: 0x0000026dc862a370
Event: 0.224 Thread 0x0000026dae3ead30 Thread added: 0x0000026dc8634840
Event: 0.224 Thread 0x0000026dae3ead30 Thread added: 0x0000026dc8635400
Event: 0.224 Thread 0x0000026dae3ead30 Thread added: 0x0000026dc8635fc0
Event: 0.224 Thread 0x0000026dae3ead30 Thread added: 0x0000026dc8636b80
Event: 0.224 Thread 0x0000026dae3ead30 Thread added: 0x0000026dc8637a70
Event: 0.225 Thread 0x0000026dae3ead30 Thread added: 0x0000026dc86422b0
Event: 0.246 Thread 0x0000026dae3ead30 Thread added: 0x0000026dc86ccf40
Event: 0.257 Loaded shared library D:\code\New Folder\DataGrip 2026.1.2\jbr\bin\net.dll
Event: 0.262 Loaded shared library D:\code\New Folder\DataGrip 2026.1.2\jbr\bin\nio.dll
Event: 0.272 Loaded shared library D:\code\New Folder\DataGrip 2026.1.2\jbr\bin\zip.dll
Event: 0.448 Loaded shared library D:\code\New Folder\DataGrip 2026.1.2\jbr\bin\jimage.dll
Event: 0.981 Loaded shared library D:\code\New Folder\DataGrip 2026.1.2\jbr\bin\sunmscapi.dll
Event: 1.059 Loaded shared library D:\code\New Folder\DataGrip 2026.1.2\jbr\bin\extnet.dll
Event: 1.071 Thread 0x0000026dae3ead30 Thread added: 0x0000026dcd3c0610
Event: 1.184 Thread 0x0000026dcd3c0610 Thread added: 0x0000026dcd722db0
Event: 1.345 Thread 0x0000026dcd3c0610 Thread added: 0x0000026dcd7521c0


Dynamic libraries:
0x00007ff6d0140000 - 0x00007ff6d014a000 	D:\code\New Folder\DataGrip 2026.1.2\jbr\bin\java.exe
0x00007ffe80c70000 - 0x00007ffe80e68000 	C:\Windows\SYSTEM32\ntdll.dll
0x00007ffe7ed20000 - 0x00007ffe7ede2000 	C:\Windows\System32\KERNEL32.DLL
0x00007ffe7e860000 - 0x00007ffe7eb5f000 	C:\Windows\System32\KERNELBASE.dll
0x00007ffe7e4d0000 - 0x00007ffe7e5d0000 	C:\Windows\System32\ucrtbase.dll
0x00007ffe78a50000 - 0x00007ffe78a67000 	D:\code\New Folder\DataGrip 2026.1.2\jbr\bin\jli.dll
0x00007ffe7f070000 - 0x00007ffe7f20d000 	C:\Windows\System32\USER32.dll
0x00007ffe7ec60000 - 0x00007ffe7ec82000 	C:\Windows\System32\win32u.dll
0x00007ffe7f6b0000 - 0x00007ffe7f6db000 	C:\Windows\System32\GDI32.dll
0x00007ffe7e3b0000 - 0x00007ffe7e4ca000 	C:\Windows\System32\gdi32full.dll
0x00007ffe7e310000 - 0x00007ffe7e3ad000 	C:\Windows\System32\msvcp_win.dll
0x00007ffe77490000 - 0x00007ffe774ae000 	D:\code\New Folder\DataGrip 2026.1.2\jbr\bin\VCRUNTIME140.dll
0x00007ffe6a470000 - 0x00007ffe6a70a000 	C:\Windows\WinSxS\amd64_microsoft.windows.common-controls_6595b64144ccf1df_6.0.19041.4355_none_60b8b9eb71f62e16\COMCTL32.dll
0x00007ffe7efd0000 - 0x00007ffe7f06e000 	C:\Windows\System32\msvcrt.dll
0x00007ffe7f5a0000 - 0x00007ffe7f5cf000 	C:\Windows\System32\IMM32.DLL
0x00007ffe79d40000 - 0x00007ffe79d4c000 	D:\code\New Folder\DataGrip 2026.1.2\jbr\bin\vcruntime140_1.dll
0x00007ffe51460000 - 0x00007ffe514e9000 	D:\code\New Folder\DataGrip 2026.1.2\jbr\bin\msvcp140.dll
0x00007ffe37e80000 - 0x00007ffe38dd2000 	D:\code\New Folder\DataGrip 2026.1.2\jbr\bin\server\jvm.dll
0x00007ffe7ef20000 - 0x00007ffe7efcf000 	C:\Windows\System32\ADVAPI32.dll
0x00007ffe7f2e0000 - 0x00007ffe7f37f000 	C:\Windows\System32\sechost.dll
0x00007ffe7edf0000 - 0x00007ffe7ef13000 	C:\Windows\System32\RPCRT4.dll
0x00007ffe7e7c0000 - 0x00007ffe7e7e7000 	C:\Windows\System32\bcrypt.dll
0x00007ffe7f5d0000 - 0x00007ffe7f63b000 	C:\Windows\System32\WS2_32.dll
0x00007ffe7d810000 - 0x00007ffe7d85b000 	C:\Windows\SYSTEM32\POWRPROF.dll
0x00007ffe66c10000 - 0x00007ffe66c37000 	C:\Windows\SYSTEM32\WINMM.dll
0x00007ffe73b00000 - 0x00007ffe73b0a000 	C:\Windows\SYSTEM32\VERSION.dll
0x00007ffe7d6d0000 - 0x00007ffe7d6e2000 	C:\Windows\SYSTEM32\UMPDC.dll
0x00007ffe7c150000 - 0x00007ffe7c162000 	C:\Windows\SYSTEM32\kernel.appcore.dll
0x00007ffe78d80000 - 0x00007ffe78d8a000 	D:\code\New Folder\DataGrip 2026.1.2\jbr\bin\jimage.dll
0x00007ffe66c40000 - 0x00007ffe66e24000 	C:\Windows\SYSTEM32\DBGHELP.DLL
0x00007ffe5ba20000 - 0x00007ffe5ba54000 	C:\Windows\SYSTEM32\dbgcore.DLL
0x00007ffe7e730000 - 0x00007ffe7e7b2000 	C:\Windows\System32\bcryptPrimitives.dll
0x00007ffe769b0000 - 0x00007ffe769cf000 	D:\code\New Folder\DataGrip 2026.1.2\jbr\bin\java.dll
0x00007ffe80680000 - 0x00007ffe807ab000 	C:\Windows\System32\ole32.dll
0x00007ffe7f750000 - 0x00007ffe7faa5000 	C:\Windows\System32\combase.dll
0x00007ffe7ff00000 - 0x00007ffe8066d000 	C:\Windows\System32\SHELL32.dll
0x00007ffe7c350000 - 0x00007ffe7caf4000 	C:\Windows\SYSTEM32\windows.storage.dll
0x00007ffe7dc60000 - 0x00007ffe7dc8f000 	C:\Windows\SYSTEM32\Wldp.dll
0x00007ffe7f210000 - 0x00007ffe7f2dd000 	C:\Windows\System32\OLEAUT32.dll
0x00007ffe7fb60000 - 0x00007ffe7fc0d000 	C:\Windows\System32\SHCORE.dll
0x00007ffe7fcf0000 - 0x00007ffe7fd45000 	C:\Windows\System32\shlwapi.dll
0x00007ffe7e240000 - 0x00007ffe7e264000 	C:\Windows\SYSTEM32\profapi.dll
0x00007ffe74270000 - 0x00007ffe74282000 	D:\code\New Folder\DataGrip 2026.1.2\jbr\bin\net.dll
0x00007ffe7da40000 - 0x00007ffe7daac000 	C:\Windows\system32\mswsock.dll
0x00007ffe6ce20000 - 0x00007ffe6ce36000 	D:\code\New Folder\DataGrip 2026.1.2\jbr\bin\nio.dll
0x00007ffe76350000 - 0x00007ffe76367000 	D:\code\New Folder\DataGrip 2026.1.2\jbr\bin\zip.dll
0x00007ffe7dca0000 - 0x00007ffe7dcb8000 	C:\Windows\SYSTEM32\CRYPTSP.dll
0x00007ffe7d310000 - 0x00007ffe7d344000 	C:\Windows\system32\rsaenh.dll
0x00007ffe7e200000 - 0x00007ffe7e22e000 	C:\Windows\SYSTEM32\USERENV.dll
0x00007ffe7dbd0000 - 0x00007ffe7dbdc000 	C:\Windows\SYSTEM32\CRYPTBASE.dll
0x00007ffe7d6f0000 - 0x00007ffe7d72b000 	C:\Windows\SYSTEM32\IPHLPAPI.DLL
0x00007ffe7f740000 - 0x00007ffe7f748000 	C:\Windows\System32\NSI.dll
0x00007ffe78c70000 - 0x00007ffe78c7e000 	D:\code\New Folder\DataGrip 2026.1.2\jbr\bin\sunmscapi.dll
0x00007ffe7e5d0000 - 0x00007ffe7e72c000 	C:\Windows\System32\CRYPT32.dll
0x00007ffe7ddb0000 - 0x00007ffe7ddd7000 	C:\Windows\SYSTEM32\ncrypt.dll
0x00007ffe7dd70000 - 0x00007ffe7ddab000 	C:\Windows\SYSTEM32\NTASN1.dll
0x00007ffe79d20000 - 0x00007ffe79d27000 	C:\Windows\system32\wshunix.dll
0x00007ffe78a00000 - 0x00007ffe78a09000 	D:\code\New Folder\DataGrip 2026.1.2\jbr\bin\extnet.dll

JVMTI agents: none

dbghelp: loaded successfully - version: 4.0.5 - missing functions: none
symbol engine: initialized successfully - sym options: 0x614 - pdb path: .;D:\code\New Folder\DataGrip 2026.1.2\jbr\bin;C:\Windows\SYSTEM32;C:\Windows\WinSxS\amd64_microsoft.windows.common-controls_6595b64144ccf1df_6.0.19041.4355_none_60b8b9eb71f62e16;D:\code\New Folder\DataGrip 2026.1.2\jbr\bin\server

VM Arguments:
java_command: git4idea.http.GitAskPassApp Username for 'https://github.com': 
java_class_path (initial): D:/code/New Folder/DataGrip 2026.1.2/plugins/vcs-git/lib/git4idea-rt.jar;D:/code/New Folder/DataGrip 2026.1.2/lib/externalProcess-rt.jar
Launcher Type: SUN_STANDARD

[Global flags]
     intx CICompilerCount                          = 3                                         {product} {ergonomic}
     uint ConcGCThreads                            = 1                                         {product} {ergonomic}
     uint G1ConcRefinementThreads                  = 4                                         {product} {ergonomic}
   size_t G1HeapRegionSize                         = 1048576                                   {product} {ergonomic}
   size_t InitialHeapSize                          = 134217728                                 {product} {ergonomic}
   size_t MarkStackSize                            = 4194304                                   {product} {ergonomic}
   size_t MarkStackSizeMax                         = 536870912                                 {product} {ergonomic}
   size_t MaxHeapSize                              = 2120220672                                {product} {ergonomic}
   size_t MaxNewSize                               = 1271922688                                {product} {ergonomic}
   size_t MinHeapDeltaBytes                        = 1048576                                   {product} {ergonomic}
   size_t MinHeapSize                              = 8388608                                   {product} {ergonomic}
    uintx NonNMethodCodeHeapSize                   = 5832704                                {pd product} {ergonomic}
    uintx NonProfiledCodeHeapSize                  = 122945536                              {pd product} {ergonomic}
    uintx ProfiledCodeHeapSize                     = 122880000                              {pd product} {ergonomic}
    uintx ReservedCodeCacheSize                    = 251658240                              {pd product} {ergonomic}
     bool SegmentedCodeCache                       = true                                      {product} {ergonomic}
   size_t SoftMaxHeapSize                          = 2120220672                             {manageable} {ergonomic}
     bool UseCompressedOops                        = true                           {product lp64_product} {ergonomic}
     bool UseG1GC                                  = true                                      {product} {ergonomic}
     bool UseLargePagesIndividualAllocation        = false                                  {pd product} {ergonomic}

Logging:
Log output configuration:
 #0: stdout all=warning uptime,level,tags foldmultilines=false
 #1: stderr all=off uptime,level,tags foldmultilines=false

Release file:
JAVA_VERSION="25.0.2" 
MODULES="java.base java.datatransfer java.xml java.prefs java.desktop gluegen.rt java.compiler java.instrument java.logging java.management java.security.sasl java.naming java.rmi java.management.rmi java.net.http java.scripting java.security.jgss java.transaction.xa java.sql java.sql.rowset java.xml.crypto java.se java.smartcardio jogl.all jcef jdk.accessibility jdk.internal.jvmstat jdk.attach jdk.charsets jdk.internal.opt jdk.zipfs jdk.compiler jdk.crypto.cryptoki jdk.crypto.ec jdk.crypto.mscapi jdk.dynalink jdk.hotspot.agent jdk.httpserver jdk.internal.ed jdk.internal.le jdk.internal.md jdk.internal.vm.ci jdk.javadoc jdk.jcmd jdk.jdwp.agent jdk.jdi jdk.jfr jdk.localedata jdk.management jdk.management.agent jdk.management.jfr jdk.naming.dns jdk.naming.rmi jdk.net jdk.sctp jdk.security.auth jdk.security.jgss jdk.unsupported jdk.unsupported.desktop jdk.xml.dom" 
IMPLEMENTOR="JetBrains s.r.o." 
IMPLEMENTOR_VERSION="JBR-25.0.2+1-329.111-jcef" 
JAVA_RUNTIME_VERSION="25.0.2+1-b329.111" 
LIBC="default" 
OS_ARCH="x86_64" 
OS_NAME="Windows" 
SOURCE=".:git:feabc2ee87b9+ jcef_git:git:4a605f44671a" 
JCEF_VERSION="137.0.17.1137+g9bacfb2" 
JCEF_COMMIT_HASH="9bacfb2cf832b33b2870b7ebd067d51dbb2abf57" 
JCEF_VERSION_DETAILED=137.0.17-gf354b0e-chromium-137.0.7151.104-api-1.21-261-b72

Environment Variables:
PATH=D:/Git/mingw64/libexec/git-core;D:/Git/mingw64/libexec/git-core;D:\Git\mingw64\bin;D:\Git\usr\bin;C:\Users\ADMIN\bin;C:\Program Files\Common Files\Oracle\Java\javapath;C:\Windows\system32;C:\Windows;C:\Windows\System32\Wbem;C:\Windows\System32\WindowsPowerShell\v1.0\;C:\Windows\System32\OpenSSH\;C:\Program Files (x86)\Microsoft SQL Server\160\Tools\Binn\;C:\Program Files\Microsoft SQL Server\160\Tools\Binn\;C:\Program Files\Microsoft SQL Server\Client SDK\ODBC\170\Tools\Binn\;C:\Program Files\Microsoft SQL Server\160\DTS\Binn\;C:\Program Files\CMake\bin;C:\Program Files (x86)\Stellar CLI;D:\;C:\Program Files\Docker\Docker\resources\bin;D:\Git\cmd;C:\Users\ADMIN\AppData\Local\Programs\Python\Python312\Scripts\;C:\Users\ADMIN\AppData\Local\Programs\Python\Python312\;C:\Users\ADMIN\AppData\Local\Programs\Python\Python310\Scripts\;C:\Users\ADMIN\AppData\Local\Programs\Python\Python310\;C:\Users\ADMIN\.cargo\bin;C:\Users\ADMIN\AppData\Local\Microsoft\WindowsApps;C:\Users\ADMIN\AppData\Local\Programs\Microsoft VS Code\bin;C:\msys64\mingw64\bin;C:\msys64\ucrt64\bin;C:\Users\ADMIN\AppData\Local\Python\bin;C:\Users\ADMIN\AppData\Local\Programs\Antigravity\bin;C:\Users\ADMIN\AppData\Roaming\npm;D:\code\New Folder\DataGrip 2026.1.2\bin
USERNAME=ADMIN
DISPLAY=:0.0
LC_ALL=en_US.UTF-8
TERM=xterm-256color
TMPDIR=C:\Users\ADMIN\AppData\Local\Temp
OS=Windows_NT
PROCESSOR_IDENTIFIER=Intel64 Family 6 Model 78 Stepping 3, GenuineIntel
TMP=C:\Users\ADMIN\AppData\Local\Temp
TEMP=C:\Users\ADMIN\AppData\Local\Temp




Compilation memory statistics disabled.

Periodic native trim disabled

JNI global refs:
JNI global refs: 18, weak refs: 0

JNI global refs memory usage: 835, weak refs: 201

Process memory usage:
Resident Set Size: 81948K (0% of 8277556K total physical memory with 219752K free physical memory)

OOME stack traces (most recent first):
Classloader memory used:
Loader bootstrap                                                                       : 1433 K
Loader jdk.internal.loader.ClassLoaders$PlatformClassLoader                            : 1308 K
Loader jdk.internal.loader.ClassLoaders$AppClassLoader                                 : 27328 B

---------------  S Y S T E M  ---------------

OS:
 Windows 10 , 64 bit Build 19041 (10.0.19041.5438)
OS uptime: 7 days 3:57 hours
Hyper-V role detected

CPU: total 4 (initial active 4) (2 cores per cpu, 2 threads per core) family 6 model 78 stepping 3 microcode 0xf0, cx8, cmov, fxsr, ht, mmx, 3dnowpref, sse, sse2, sse3, ssse3, sse4.1, sse4.2, popcnt, lzcnt, tsc, tscinvbit, avx, avx2, aes, erms, clmul, bmi1, bmi2, rtm, adx, fma, vzeroupper, clflush, clflushopt, hv, rdtscp, f16c
Processor Information for the first 4 processors :
  Max Mhz: 2501, Current Mhz: 2501, Mhz Limit: 2501

Memory: 4k page, system-wide physical 8083M (214M free)
TotalPageFile size 19519M (AvailPageFile size 5M)
current process WorkingSet (physical memory assigned to process): 80M, peak: 80M
current process commit charge ("private bytes"): 232M, peak: 233M

vm_info: OpenJDK 64-Bit Server VM (25.0.2+1-b329.111) for windows-amd64 JRE (25.0.2+1-b329.111), built on 2026-04-03 with MS VC++ 17.14 (VS2022)

END.
